Archive member included to satisfy reference by file (symbol)

/home/hyc/.gcc-arm-none-eabi/bin/../lib/gcc/arm-none-eabi/10.3.1/../../../../arm-none-eabi/lib/thumb/v7e-m+fp/hard/libc_nano.a(lib_a-exit.o)
                              /home/hyc/.gcc-arm-none-eabi/bin/../lib/gcc/arm-none-eabi/10.3.1/../../../../arm-none-eabi/lib/thumb/v7e-m+fp/hard/crt0.o (exit)
/home/hyc/.gcc-arm-none-eabi/bin/../lib/gcc/arm-none-eabi/10.3.1/../../../../arm-none-eabi/lib/thumb/v7e-m+fp/hard/libc_nano.a(lib_a-impure.o)
                              /home/hyc/.gcc-arm-none-eabi/bin/../lib/gcc/arm-none-eabi/10.3.1/../../../../arm-none-eabi/lib/thumb/v7e-m+fp/hard/libc_nano.a(lib_a-exit.o) (_global_impure_ptr)
/home/hyc/.gcc-arm-none-eabi/bin/../lib/gcc/arm-none-eabi/10.3.1/../../../../arm-none-eabi/lib/thumb/v7e-m+fp/hard/libc_nano.a(lib_a-init.o)
                              /home/hyc/.gcc-arm-none-eabi/bin/../lib/gcc/arm-none-eabi/10.3.1/../../../../arm-none-eabi/lib/thumb/v7e-m+fp/hard/crt0.o (__libc_init_array)
/home/hyc/.gcc-arm-none-eabi/bin/../lib/gcc/arm-none-eabi/10.3.1/../../../../arm-none-eabi/lib/thumb/v7e-m+fp/hard/libc_nano.a(lib_a-malloc.o)
                              build/shell.o (malloc)
/home/hyc/.gcc-arm-none-eabi/bin/../lib/gcc/arm-none-eabi/10.3.1/../../../../arm-none-eabi/lib/thumb/v7e-m+fp/hard/libc_nano.a(lib_a-memcmp.o)
                              build/shell.o (memcmp)
/home/hyc/.gcc-arm-none-eabi/bin/../lib/gcc/arm-none-eabi/10.3.1/../../../../arm-none-eabi/lib/thumb/v7e-m+fp/hard/libc_nano.a(lib_a-memset.o)
                              /home/hyc/.gcc-arm-none-eabi/bin/../lib/gcc/arm-none-eabi/10.3.1/../../../../arm-none-eabi/lib/thumb/v7e-m+fp/hard/crt0.o (memset)
/home/hyc/.gcc-arm-none-eabi/bin/../lib/gcc/arm-none-eabi/10.3.1/../../../../arm-none-eabi/lib/thumb/v7e-m+fp/hard/libc_nano.a(lib_a-nano-freer.o)
                              /home/hyc/.gcc-arm-none-eabi/bin/../lib/gcc/arm-none-eabi/10.3.1/../../../../arm-none-eabi/lib/thumb/v7e-m+fp/hard/libc_nano.a(lib_a-malloc.o) (_free_r)
/home/hyc/.gcc-arm-none-eabi/bin/../lib/gcc/arm-none-eabi/10.3.1/../../../../arm-none-eabi/lib/thumb/v7e-m+fp/hard/libc_nano.a(lib_a-nano-mallocr.o)
                              /home/hyc/.gcc-arm-none-eabi/bin/../lib/gcc/arm-none-eabi/10.3.1/../../../../arm-none-eabi/lib/thumb/v7e-m+fp/hard/libc_nano.a(lib_a-malloc.o) (_malloc_r)
/home/hyc/.gcc-arm-none-eabi/bin/../lib/gcc/arm-none-eabi/10.3.1/../../../../arm-none-eabi/lib/thumb/v7e-m+fp/hard/libc_nano.a(lib_a-sbrkr.o)
                              /home/hyc/.gcc-arm-none-eabi/bin/../lib/gcc/arm-none-eabi/10.3.1/../../../../arm-none-eabi/lib/thumb/v7e-m+fp/hard/libc_nano.a(lib_a-nano-mallocr.o) (_sbrk_r)
/home/hyc/.gcc-arm-none-eabi/bin/../lib/gcc/arm-none-eabi/10.3.1/../../../../arm-none-eabi/lib/thumb/v7e-m+fp/hard/libc_nano.a(lib_a-sprintf.o)
                              build/command.o (sprintf)
/home/hyc/.gcc-arm-none-eabi/bin/../lib/gcc/arm-none-eabi/10.3.1/../../../../arm-none-eabi/lib/thumb/v7e-m+fp/hard/libc_nano.a(lib_a-strcat.o)
                              build/command.o (strcat)
/home/hyc/.gcc-arm-none-eabi/bin/../lib/gcc/arm-none-eabi/10.3.1/../../../../arm-none-eabi/lib/thumb/v7e-m+fp/hard/libc_nano.a(lib_a-strcpy.o)
                              build/shell.o (strcpy)
/home/hyc/.gcc-arm-none-eabi/bin/../lib/gcc/arm-none-eabi/10.3.1/../../../../arm-none-eabi/lib/thumb/v7e-m+fp/hard/libc_nano.a(lib_a-strlen.o)
                              build/command.o (strlen)
/home/hyc/.gcc-arm-none-eabi/bin/../lib/gcc/arm-none-eabi/10.3.1/../../../../arm-none-eabi/lib/thumb/v7e-m+fp/hard/libc_nano.a(lib_a-strncpy.o)
                              build/shell.o (strncpy)
/home/hyc/.gcc-arm-none-eabi/bin/../lib/gcc/arm-none-eabi/10.3.1/../../../../arm-none-eabi/lib/thumb/v7e-m+fp/hard/libc_nano.a(lib_a-strstr.o)
                              build/shell.o (strstr)
/home/hyc/.gcc-arm-none-eabi/bin/../lib/gcc/arm-none-eabi/10.3.1/../../../../arm-none-eabi/lib/thumb/v7e-m+fp/hard/libc_nano.a(lib_a-mlock.o)
                              /home/hyc/.gcc-arm-none-eabi/bin/../lib/gcc/arm-none-eabi/10.3.1/../../../../arm-none-eabi/lib/thumb/v7e-m+fp/hard/libc_nano.a(lib_a-nano-freer.o) (__malloc_lock)
/home/hyc/.gcc-arm-none-eabi/bin/../lib/gcc/arm-none-eabi/10.3.1/../../../../arm-none-eabi/lib/thumb/v7e-m+fp/hard/libc_nano.a(lib_a-nano-svfprintf.o)
                              /home/hyc/.gcc-arm-none-eabi/bin/../lib/gcc/arm-none-eabi/10.3.1/../../../../arm-none-eabi/lib/thumb/v7e-m+fp/hard/libc_nano.a(lib_a-sprintf.o) (_svfprintf_r)
/home/hyc/.gcc-arm-none-eabi/bin/../lib/gcc/arm-none-eabi/10.3.1/../../../../arm-none-eabi/lib/thumb/v7e-m+fp/hard/libc_nano.a(lib_a-nano-vfprintf_i.o)
                              /home/hyc/.gcc-arm-none-eabi/bin/../lib/gcc/arm-none-eabi/10.3.1/../../../../arm-none-eabi/lib/thumb/v7e-m+fp/hard/libc_nano.a(lib_a-nano-svfprintf.o) (_printf_i)
[...]
Memory Configuration

Name             Origin             Length             Attributes
RAM              0x0000000020000000 0x0000000000020000 xrw
FLASH            0x0000000008000000 0x0000000000080000 xr
*default*        0x0000000000000000 0xffffffffffffffff

Linker script and memory map

LOAD /home/hyc/.gcc-arm-none-eabi/bin/../lib/gcc/arm-none-eabi/10.3.1/thumb/v7e-m+fp/hard/crti.o
LOAD /home/hyc/.gcc-arm-none-eabi/bin/../lib/gcc/arm-none-eabi/10.3.1/thumb/v7e-m+fp/hard/crtbegin.o
LOAD /home/hyc/.gcc-arm-none-eabi/bin/../lib/gcc/arm-none-eabi/10.3.1/../../../../arm-none-eabi/lib/thumb/v7e-m+fp/hard/crt0.o
LOAD build/main.o
LOAD build/gpio.o
LOAD build/usart.o
LOAD build/stm32f4xx_it.o
LOAD build/stm32f4xx_hal_msp.o
LOAD build/command.o
LOAD build/shell.o
LOAD build/stm32f4xx_hal_tim.o
LOAD build/stm32f4xx_hal_tim_ex.o
LOAD build/stm32f4xx_hal_uart.o
LOAD build/stm32f4xx_hal_rcc.o
LOAD build/stm32f4xx_hal_rcc_ex.o
LOAD build/stm32f4xx_hal_flash.o
LOAD build/stm32f4xx_hal_flash_ex.o
LOAD build/stm32f4xx_hal_flash_ramfunc.o
LOAD build/stm32f4xx_hal_gpio.o
LOAD build/stm32f4xx_hal_dma_ex.o
LOAD build/stm32f4xx_hal_dma.o
LOAD build/stm32f4xx_hal_pwr.o
LOAD build/stm32f4xx_hal_pwr_ex.o
LOAD build/stm32f4xx_hal_cortex.o
LOAD build/stm32f4xx_hal.o
LOAD build/stm32f4xx_hal_exti.o
LOAD build/system_stm32f4xx.o
LOAD build/startup_stm32f411xe.o
LOAD /home/hyc/.gcc-arm-none-eabi/bin/../lib/gcc/arm-none-eabi/10.3.1/../../../../arm-none-eabi/lib/thumb/v7e-m+fp/hard/libc_nano.a
LOAD /home/hyc/.gcc-arm-none-eabi/bin/../lib/gcc/arm-none-eabi/10.3.1/../../../../arm-none-eabi/lib/thumb/v7e-m+fp/hard/libm.a
LOAD /home/hyc/.gcc-arm-none-eabi/bin/../lib/gcc/arm-none-eabi/10.3.1/../../../../arm-none-eabi/lib/thumb/v7e-m+fp/hard/libnosys.a
START GROUP
LOAD /home/hyc/.gcc-arm-none-eabi/bin/../lib/gcc/arm-none-eabi/10.3.1/thumb/v7e-m+fp/hard/libgcc.a
LOAD /home/hyc/.gcc-arm-none-eabi/bin/../lib/gcc/arm-none-eabi/10.3.1/../../../../arm-none-eabi/lib/thumb/v7e-m+fp/hard/libc_nano.a
END GROUP
START GROUP
LOAD /home/hyc/.gcc-arm-none-eabi/bin/../lib/gcc/arm-none-eabi/10.3.1/thumb/v7e-m+fp/hard/libgcc.a
LOAD /home/hyc/.gcc-arm-none-eabi/bin/../lib/gcc/arm-none-eabi/10.3.1/../../../../arm-none-eabi/lib/thumb/v7e-m+fp/hard/libc_nano.a
END GROUP
LOAD /home/hyc/.gcc-arm-none-eabi/bin/../lib/gcc/arm-none-eabi/10.3.1/thumb/v7e-m+fp/hard/crtend.o
LOAD /home/hyc/.gcc-arm-none-eabi/bin/../lib/gcc/arm-none-eabi/10.3.1/thumb/v7e-m+fp/hard/crtn.o
                0x0000000020020000                _estack = 0x20020000
                0x0000000000000200                _Min_Heap_Size = 0x200
                0x0000000000000400                _Min_Stack_Size = 0x400

.isr_vector     0x0000000008000000      0x198
                0x0000000008000000                . = ALIGN (0x4)
 *(.isr_vector)
 .isr_vector    0x0000000008000000      0x198 build/startup_stm32f411xe.o
                0x0000000008000000                g_pfnVectors
                0x0000000008000198                . = ALIGN (0x4)

.text           0x00000000080001a0     0x284c
                0x00000000080001a0                . = ALIGN (0x4)
 *(.text)
 .text          0x00000000080001a0       0x40 /home/hyc/.gcc-arm-none-eabi/bin/../lib/gcc/arm-none-eabi/10.3.1/thumb/v7e-m+fp/hard/crtbegin.o
 .text          0x00000000080001e0       0x10 /home/hyc/.gcc-arm-none-eabi/bin/../lib/gcc/arm-none-eabi/10.3.1/../../../../arm-none-eabi/lib/thumb/v7e-m+fp/hard/libc_nano.a(lib_a-strlen.o)
                0x00000000080001e0                strlen
 .text          0x00000000080001f0       0xa0 /home/hyc/.gcc-arm-none-eabi/bin/../lib/gcc/arm-none-eabi/10.3.1/../../../../arm-none-eabi/lib/thumb/v7e-m+fp/hard/libc_nano.a(lib_a-memchr.o)
                0x00000000080001f0                memchr
 .text          0x0000000008000290       0x30 /home/hyc/.gcc-arm-none-eabi/bin/../lib/gcc/arm-none-eabi/10.3.1/thumb/v7e-m+fp/hard/libgcc.a(_aeabi_uldivmod.o)
                0x0000000008000290                __aeabi_uldivmod
 .text          0x00000000080002c0      0x2d0 /home/hyc/.gcc-arm-none-eabi/bin/../lib/gcc/arm-none-eabi/10.3.1/thumb/v7e-m+fp/hard/libgcc.a(_udivmoddi4.o)
                0x00000000080002c0                __udivmoddi4
 .text          0x0000000008000590        0x4 /home/hyc/.gcc-arm-none-eabi/bin/../lib/gcc/arm-none-eabi/10.3.1/thumb/v7e-m+fp/hard/libgcc.a(_dvmd_tls.o)
                0x0000000008000590                __aeabi_ldiv0
                0x0000000008000590                __aeabi_idiv0
 *(.text*)
 .text.HAL_UART_RxCpltCallback
                0x0000000008000594        0xc build/main.o
                0x0000000008000594                HAL_UART_RxCpltCallback
 .text.Error_Handler
                0x00000000080005a0        0x4 build/main.o
                0x00000000080005a0                Error_Handler
 .text.SystemClock_Config
                0x00000000080005a4       0xa0 build/main.o
                0x00000000080005a4                SystemClock_Config
 .text.main     0x0000000008000644       0x50 build/main.o
                0x0000000008000644                main
 .text.MX_GPIO_Init
                0x0000000008000694       0x80 build/gpio.o
                0x0000000008000694                MX_GPIO_Init
 .text.MX_USART1_UART_Init
                0x0000000008000714       0x34 build/usart.o
                0x0000000008000714                MX_USART1_UART_Init
 .text.HAL_UART_MspInit
                0x0000000008000748       0x80 build/usart.o
                0x0000000008000748                HAL_UART_MspInit
 .text.NMI_Handler
                0x00000000080007c8        0x2 build/stm32f4xx_it.o
                0x00000000080007c8                NMI_Handler
 .text.HardFault_Handler
                0x00000000080007ca        0x2 build/stm32f4xx_it.o
                0x00000000080007ca                HardFault_Handler
 .text.MemManage_Handler
                0x00000000080007cc        0x2 build/stm32f4xx_it.o
                0x00000000080007cc                MemManage_Handler
 .text.BusFault_Handler
                0x00000000080007ce        0x2 build/stm32f4xx_it.o
                0x00000000080007ce                BusFault_Handler
 .text.UsageFault_Handler
                0x00000000080007d0        0x2 build/stm32f4xx_it.o
                0x00000000080007d0                UsageFault_Handler
 .text.SVC_Handler
                0x00000000080007d2        0x2 build/stm32f4xx_it.o
                0x00000000080007d2                SVC_Handler
 .text.DebugMon_Handler
                0x00000000080007d4        0x2 build/stm32f4xx_it.o
                0x00000000080007d4                DebugMon_Handler
 .text.PendSV_Handler
                0x00000000080007d6        0x2 build/stm32f4xx_it.o
                0x00000000080007d6                PendSV_Handler
 .text.SysTick_Handler
                0x00000000080007d8        0x8 build/stm32f4xx_it.o
                0x00000000080007d8                SysTick_Handler
 .text.USART1_IRQHandler
                0x00000000080007e0       0x10 build/stm32f4xx_it.o
                0x00000000080007e0                USART1_IRQHandler
 .text.HAL_MspInit
                0x00000000080007f0       0x38 build/stm32f4xx_hal_msp.o
                0x00000000080007f0                HAL_MspInit
 .text.clear    0x0000000008000828       0x10 build/command.o
                0x0000000008000828                clear
 .text.version  0x0000000008000838       0x18 build/command.o
                0x0000000008000838                version
 .text.hello2   0x0000000008000850       0x10 build/command.o
                0x0000000008000850                hello2
 .text.hello3   0x0000000008000860       0x10 build/command.o
                0x0000000008000860                hello3
 .text.argtest  0x0000000008000870       0x50 build/command.o
                0x0000000008000870                argtest
 .text.cmdlist  0x00000000080008c0       0xe4 build/command.o
                0x00000000080008c0                cmdlist
 .text.keyscan  0x00000000080009a4       0x70 build/command.o
                0x00000000080009a4                keyscan
 .text.DebugSend
                0x0000000008000a14       0x2c build/shell.o
                0x0000000008000a14                DebugSend
 .text.commandExe
                0x0000000008000a40      0x13c build/shell.o
                0x0000000008000a40                commandExe
 .text.shellexe
                0x0000000008000b7c       0xdc build/shell.o
                0x0000000008000b7c                shellexe
 .text.MsgSend  0x0000000008000c58       0x38 build/shell.o
                0x0000000008000c58                MsgSend
 .text.UART_EndRxTransfer
                0x0000000008000c90       0x5c build/stm32f4xx_hal_uart.o
 .text.UART_Transmit_IT
                0x0000000008000cec       0x60 build/stm32f4xx_hal_uart.o
 .text.UART_SetConfig
                0x0000000008000d4c      0x110 build/stm32f4xx_hal_uart.o
 .text.UART_WaitOnFlagUntilTimeout
                0x0000000008000e5c       0x88 build/stm32f4xx_hal_uart.o
 .text.HAL_UART_Init
                0x0000000008000ee4       0x5e build/stm32f4xx_hal_uart.o
                0x0000000008000ee4                HAL_UART_Init
 .text.HAL_UART_Transmit
                0x0000000008000f42       0xd8 build/stm32f4xx_hal_uart.o
                0x0000000008000f42                HAL_UART_Transmit
 .text.HAL_UART_Receive
                0x000000000800101a       0xe4 build/stm32f4xx_hal_uart.o
                0x000000000800101a                HAL_UART_Receive
 .text.HAL_UART_TxCpltCallback
                0x00000000080010fe        0x2 build/stm32f4xx_hal_uart.o
                0x00000000080010fe                HAL_UART_TxCpltCallback
 .text.UART_EndTransmit_IT
                0x0000000008001100       0x1a build/stm32f4xx_hal_uart.o
 .text.HAL_UART_ErrorCallback
                0x000000000800111a        0x2 build/stm32f4xx_hal_uart.o
                0x000000000800111a                HAL_UART_ErrorCallback
 .text.UART_DMAAbortOnError
                0x000000000800111c       0x10 build/stm32f4xx_hal_uart.o
 .text.HAL_UARTEx_RxEventCallback
                0x000000000800112c        0x2 build/stm32f4xx_hal_uart.o
                0x000000000800112c                HAL_UARTEx_RxEventCallback
 .text.UART_Receive_IT
                0x000000000800112e       0xe2 build/stm32f4xx_hal_uart.o
 .text.HAL_UART_IRQHandler
                0x0000000008001210      0x280 build/stm32f4xx_hal_uart.o
                0x0000000008001210                HAL_UART_IRQHandler
 .text.UART_Start_Receive_IT
                0x0000000008001490       0x36 build/stm32f4xx_hal_uart.o
                0x0000000008001490                UART_Start_Receive_IT
 .text.HAL_UART_Receive_IT
                0x00000000080014c6       0x38 build/stm32f4xx_hal_uart.o
                0x00000000080014c6                HAL_UART_Receive_IT
 *fill*         0x00000000080014fe        0x2 
 .text.HAL_RCC_OscConfig
                0x0000000008001500      0x3f8 build/stm32f4xx_hal_rcc.o
                0x0000000008001500                HAL_RCC_OscConfig
 .text.HAL_RCC_GetSysClockFreq
                0x00000000080018f8       0xa4 build/stm32f4xx_hal_rcc.o
                0x00000000080018f8                HAL_RCC_GetSysClockFreq
 .text.HAL_RCC_ClockConfig
                0x000000000800199c      0x160 build/stm32f4xx_hal_rcc.o
                0x000000000800199c                HAL_RCC_ClockConfig
 .text.HAL_RCC_GetHCLKFreq
                0x0000000008001afc        0xc build/stm32f4xx_hal_rcc.o
                0x0000000008001afc                HAL_RCC_GetHCLKFreq
 .text.HAL_RCC_GetPCLK1Freq
                0x0000000008001b08       0x20 build/stm32f4xx_hal_rcc.o
                0x0000000008001b08                HAL_RCC_GetPCLK1Freq
 .text.HAL_RCC_GetPCLK2Freq
                0x0000000008001b28       0x20 build/stm32f4xx_hal_rcc.o
                0x0000000008001b28                HAL_RCC_GetPCLK2Freq
 .text.HAL_GPIO_Init
                0x0000000008001b48      0x1c0 build/stm32f4xx_hal_gpio.o
                0x0000000008001b48                HAL_GPIO_Init
 .text.HAL_GPIO_WritePin
                0x0000000008001d08        0xc build/stm32f4xx_hal_gpio.o
                0x0000000008001d08                HAL_GPIO_WritePin
 .text.HAL_GPIO_TogglePin
                0x0000000008001d14       0x12 build/stm32f4xx_hal_gpio.o
                0x0000000008001d14                HAL_GPIO_TogglePin
 .text.HAL_DMA_Abort
                0x0000000008001d26       0x94 build/stm32f4xx_hal_dma.o
                0x0000000008001d26                HAL_DMA_Abort
 .text.HAL_DMA_Abort_IT
                0x0000000008001dba       0x26 build/stm32f4xx_hal_dma.o
                0x0000000008001dba                HAL_DMA_Abort_IT
 .text.HAL_NVIC_SetPriorityGrouping
                0x0000000008001de0       0x24 build/stm32f4xx_hal_cortex.o
                0x0000000008001de0                HAL_NVIC_SetPriorityGrouping
 .text.HAL_NVIC_SetPriority
                0x0000000008001e04       0x70 build/stm32f4xx_hal_cortex.o
                0x0000000008001e04                HAL_NVIC_SetPriority
 .text.HAL_NVIC_EnableIRQ
                0x0000000008001e74       0x1c build/stm32f4xx_hal_cortex.o
                0x0000000008001e74                HAL_NVIC_EnableIRQ
 .text.HAL_SYSTICK_Config
                0x0000000008001e90       0x28 build/stm32f4xx_hal_cortex.o
                0x0000000008001e90                HAL_SYSTICK_Config
 .text.HAL_InitTick
                0x0000000008001eb8       0x4c build/stm32f4xx_hal.o
                0x0000000008001eb8                HAL_InitTick
 .text.HAL_Init
                0x0000000008001f04       0x34 build/stm32f4xx_hal.o
                0x0000000008001f04                HAL_Init
 .text.HAL_IncTick
                0x0000000008001f38       0x18 build/stm32f4xx_hal.o
                0x0000000008001f38                HAL_IncTick
 .text.HAL_GetTick
                0x0000000008001f50        0xc build/stm32f4xx_hal.o
                0x0000000008001f50                HAL_GetTick
 .text.SystemInit
                0x0000000008001f5c       0x14 build/system_stm32f4xx.o
                0x0000000008001f5c                SystemInit
 .text.Reset_Handler
                0x0000000008001f70       0x50 build/startup_stm32f411xe.o
                0x0000000008001f70                Reset_Handler
 .text.Default_Handler
                0x0000000008001fc0        0x2 build/startup_stm32f411xe.o
                0x0000000008001fc0                RTC_Alarm_IRQHandler
                0x0000000008001fc0                EXTI2_IRQHandler
                0x0000000008001fc0                SPI4_IRQHandler
                0x0000000008001fc0                TIM1_CC_IRQHandler
                0x0000000008001fc0                DMA2_Stream5_IRQHandler
                0x0000000008001fc0                DMA1_Stream5_IRQHandler
                0x0000000008001fc0                PVD_IRQHandler
                0x0000000008001fc0                SDIO_IRQHandler
                0x0000000008001fc0                TAMP_STAMP_IRQHandler
                0x0000000008001fc0                EXTI3_IRQHandler
                0x0000000008001fc0                TIM1_UP_TIM10_IRQHandler
                0x0000000008001fc0                I2C3_ER_IRQHandler
                0x0000000008001fc0                EXTI0_IRQHandler
                0x0000000008001fc0                I2C2_EV_IRQHandler
                0x0000000008001fc0                DMA1_Stream2_IRQHandler
                0x0000000008001fc0                FPU_IRQHandler
                0x0000000008001fc0                DMA2_Stream2_IRQHandler
                0x0000000008001fc0                SPI1_IRQHandler
                0x0000000008001fc0                TIM1_BRK_TIM9_IRQHandler
                0x0000000008001fc0                DMA2_Stream3_IRQHandler
                0x0000000008001fc0                USART6_IRQHandler
                0x0000000008001fc0                DMA2_Stream0_IRQHandler
                0x0000000008001fc0                TIM4_IRQHandler
                0x0000000008001fc0                I2C1_EV_IRQHandler
                0x0000000008001fc0                DMA1_Stream6_IRQHandler
                0x0000000008001fc0                DMA1_Stream1_IRQHandler
                0x0000000008001fc0                TIM3_IRQHandler
                0x0000000008001fc0                RCC_IRQHandler
                0x0000000008001fc0                Default_Handler
                0x0000000008001fc0                EXTI15_10_IRQHandler
                0x0000000008001fc0                ADC_IRQHandler
                0x0000000008001fc0                DMA1_Stream7_IRQHandler
                0x0000000008001fc0                SPI5_IRQHandler
                0x0000000008001fc0                TIM5_IRQHandler
                0x0000000008001fc0                DMA2_Stream7_IRQHandler
                0x0000000008001fc0                I2C3_EV_IRQHandler
                0x0000000008001fc0                EXTI9_5_IRQHandler
                0x0000000008001fc0                RTC_WKUP_IRQHandler
                0x0000000008001fc0                SPI2_IRQHandler
                0x0000000008001fc0                DMA1_Stream0_IRQHandler
                0x0000000008001fc0                EXTI4_IRQHandler
                0x0000000008001fc0                WWDG_IRQHandler
                0x0000000008001fc0                TIM2_IRQHandler
                0x0000000008001fc0                OTG_FS_WKUP_IRQHandler
                0x0000000008001fc0                TIM1_TRG_COM_TIM11_IRQHandler
                0x0000000008001fc0                EXTI1_IRQHandler
                0x0000000008001fc0                USART2_IRQHandler
                0x0000000008001fc0                I2C2_ER_IRQHandler
                0x0000000008001fc0                DMA2_Stream1_IRQHandler
                0x0000000008001fc0                FLASH_IRQHandler
                0x0000000008001fc0                DMA2_Stream4_IRQHandler
                0x0000000008001fc0                OTG_FS_IRQHandler
                0x0000000008001fc0                SPI3_IRQHandler
                0x0000000008001fc0                DMA1_Stream4_IRQHandler
                0x0000000008001fc0                I2C1_ER_IRQHandler
                0x0000000008001fc0                DMA2_Stream6_IRQHandler
                0x0000000008001fc0                DMA1_Stream3_IRQHandler
 *fill*         0x0000000008001fc2        0x2 
 .text.__libc_init_array
                0x0000000008001fc4       0x48 /home/hyc/.gcc-arm-none-eabi/bin/../lib/gcc/arm-none-eabi/10.3.1/../../../../arm-none-eabi/lib/thumb/v7e-m+fp/hard/libc_nano.a(lib_a-init.o)
                0x0000000008001fc4                __libc_init_array
 .text.malloc   0x000000000800200c       0x10 /home/hyc/.gcc-arm-none-eabi/bin/../lib/gcc/arm-none-eabi/10.3.1/../../../../arm-none-eabi/lib/thumb/v7e-m+fp/hard/libc_nano.a(lib_a-malloc.o)
                0x000000000800200c                malloc
 .text.free     0x000000000800201c       0x10 /home/hyc/.gcc-arm-none-eabi/bin/../lib/gcc/arm-none-eabi/10.3.1/../../../../arm-none-eabi/lib/thumb/v7e-m+fp/hard/libc_nano.a(lib_a-malloc.o)
                0x000000000800201c                free
 .text.memcmp   0x000000000800202c       0x20 /home/hyc/.gcc-arm-none-eabi/bin/../lib/gcc/arm-none-eabi/10.3.1/../../../../arm-none-eabi/lib/thumb/v7e-m+fp/hard/libc_nano.a(lib_a-memcmp.o)
                0x000000000800202c                memcmp
 .text.memset   0x000000000800204c       0x10 /home/hyc/.gcc-arm-none-eabi/bin/../lib/gcc/arm-none-eabi/10.3.1/../../../../arm-none-eabi/lib/thumb/v7e-m+fp/hard/libc_nano.a(lib_a-memset.o)
                0x000000000800204c                memset
 .text._free_r  0x000000000800205c       0x98 /home/hyc/.gcc-arm-none-eabi/bin/../lib/gcc/arm-none-eabi/10.3.1/../../../../arm-none-eabi/lib/thumb/v7e-m+fp/hard/libc_nano.a(lib_a-nano-freer.o)
                0x000000000800205c                _free_r
 .text.sbrk_aligned
                0x00000000080020f4       0x40 /home/hyc/.gcc-arm-none-eabi/bin/../lib/gcc/arm-none-eabi/10.3.1/../../../../arm-none-eabi/lib/thumb/v7e-m+fp/hard/libc_nano.a(lib_a-nano-mallocr.o)
 .text._malloc_r
                0x0000000008002134       0xe8 /home/hyc/.gcc-arm-none-eabi/bin/../lib/gcc/arm-none-eabi/10.3.1/../../../../arm-none-eabi/lib/thumb/v7e-m+fp/hard/libc_nano.a(lib_a-nano-mallocr.o)
                0x0000000008002134                _malloc_r
 .text._sbrk_r  0x000000000800221c       0x20 /home/hyc/.gcc-arm-none-eabi/bin/../lib/gcc/arm-none-eabi/10.3.1/../../../../arm-none-eabi/lib/thumb/v7e-m+fp/hard/libc_nano.a(lib_a-sbrkr.o)
                0x000000000800221c                _sbrk_r
 .text.sprintf  0x000000000800223c       0x40 /home/hyc/.gcc-arm-none-eabi/bin/../lib/gcc/arm-none-eabi/10.3.1/../../../../arm-none-eabi/lib/thumb/v7e-m+fp/hard/libc_nano.a(lib_a-sprintf.o)
                0x000000000800223c                sprintf
                0x000000000800223c                siprintf
 .text.strcat   0x000000000800227c       0x1e /home/hyc/.gcc-arm-none-eabi/bin/../lib/gcc/arm-none-eabi/10.3.1/../../../../arm-none-eabi/lib/thumb/v7e-m+fp/hard/libc_nano.a(lib_a-strcat.o)
                0x000000000800227c                strcat
 .text.strcpy   0x000000000800229a       0x10 /home/hyc/.gcc-arm-none-eabi/bin/../lib/gcc/arm-none-eabi/10.3.1/../../../../arm-none-eabi/lib/thumb/v7e-m+fp/hard/libc_nano.a(lib_a-strcpy.o)
                0x000000000800229a                strcpy
 .text.strncpy  0x00000000080022aa       0x26 /home/hyc/.gcc-arm-none-eabi/bin/../lib/gcc/arm-none-eabi/10.3.1/../../../../arm-none-eabi/lib/thumb/v7e-m+fp/hard/libc_nano.a(lib_a-strncpy.o)
                0x00000000080022aa                strncpy
 .text.strstr   0x00000000080022d0       0x2c /home/hyc/.gcc-arm-none-eabi/bin/../lib/gcc/arm-none-eabi/10.3.1/../../../../arm-none-eabi/lib/thumb/v7e-m+fp/hard/libc_nano.a(lib_a-strstr.o)
                0x00000000080022d0                strstr
 .text.__malloc_lock
                0x00000000080022fc        0xc /home/hyc/.gcc-arm-none-eabi/bin/../lib/gcc/arm-none-eabi/10.3.1/../../../../arm-none-eabi/lib/thumb/v7e-m+fp/hard/libc_nano.a(lib_a-mlock.o)
                0x00000000080022fc                __malloc_lock
 .text.__malloc_unlock
                0x0000000008002308        0xc /home/hyc/.gcc-arm-none-eabi/bin/../lib/gcc/arm-none-eabi/10.3.1/../../../../arm-none-eabi/lib/thumb/v7e-m+fp/hard/libc_nano.a(lib_a-mlock.o)
                0x0000000008002308                __malloc_unlock
 .text.__ssputs_r
                0x0000000008002314       0xb6 /home/hyc/.gcc-arm-none-eabi/bin/../lib/gcc/arm-none-eabi/10.3.1/../../../../arm-none-eabi/lib/thumb/v7e-m+fp/hard/libc_nano.a(lib_a-nano-svfprintf.o)
                0x0000000008002314                __ssputs_r
 *fill*         0x00000000080023ca        0x2 
 .text._svfprintf_r
                0x00000000080023cc      0x200 /home/hyc/.gcc-arm-none-eabi/bin/../lib/gcc/arm-none-eabi/10.3.1/../../../../arm-none-eabi/lib/thumb/v7e-m+fp/hard/libc_nano.a(lib_a-nano-svfprintf.o)
                0x00000000080023cc                _svfprintf_r
                0x00000000080023cc                _svfiprintf_r
 .text._printf_common
                0x00000000080025cc       0xda /home/hyc/.gcc-arm-none-eabi/bin/../lib/gcc/arm-none-eabi/10.3.1/../../../../arm-none-eabi/lib/thumb/v7e-m+fp/hard/libc_nano.a(lib_a-nano-vfprintf_i.o)
                0x00000000080025cc                _printf_common
 *fill*         0x00000000080026a6        0x2 
 .text._printf_i
                0x00000000080026a8      0x24c /home/hyc/.gcc-arm-none-eabi/bin/../lib/gcc/arm-none-eabi/10.3.1/../../../../arm-none-eabi/lib/thumb/v7e-m+fp/hard/libc_nano.a(lib_a-nano-vfprintf_i.o)
                0x00000000080026a8                _printf_i
 .text.__retarget_lock_acquire_recursive
                0x00000000080028f4        0x2 /home/hyc/.gcc-arm-none-eabi/bin/../lib/gcc/arm-none-eabi/10.3.1/../../../../arm-none-eabi/lib/thumb/v7e-m+fp/hard/libc_nano.a(lib_a-lock.o)
                0x00000000080028f4                __retarget_lock_acquire_recursive
 .text.__retarget_lock_release_recursive
                0x00000000080028f6        0x2 /home/hyc/.gcc-arm-none-eabi/bin/../lib/gcc/arm-none-eabi/10.3.1/../../../../arm-none-eabi/lib/thumb/v7e-m+fp/hard/libc_nano.a(lib_a-lock.o)
                0x00000000080028f6                __retarget_lock_release_recursive
 .text.memcpy   0x00000000080028f8       0x1c /home/hyc/.gcc-arm-none-eabi/bin/../lib/gcc/arm-none-eabi/10.3.1/../../../../arm-none-eabi/lib/thumb/v7e-m+fp/hard/libc_nano.a(lib_a-memcpy-stub.o)
                0x00000000080028f8                memcpy
 .text.memmove  0x0000000008002914       0x34 /home/hyc/.gcc-arm-none-eabi/bin/../lib/gcc/arm-none-eabi/10.3.1/../../../../arm-none-eabi/lib/thumb/v7e-m+fp/hard/libc_nano.a(lib_a-memmove.o)
                0x0000000008002914                memmove
 .text._realloc_r
                0x0000000008002948       0x5e /home/hyc/.gcc-arm-none-eabi/bin/../lib/gcc/arm-none-eabi/10.3.1/../../../../arm-none-eabi/lib/thumb/v7e-m+fp/hard/libc_nano.a(lib_a-nano-reallocr.o)
                0x0000000008002948                _realloc_r
 .text._malloc_usable_size_r
                0x00000000080029a6       0x10 /home/hyc/.gcc-arm-none-eabi/bin/../lib/gcc/arm-none-eabi/10.3.1/../../../../arm-none-eabi/lib/thumb/v7e-m+fp/hard/libc_nano.a(lib_a-nano-msizer.o)
                0x00000000080029a6                _malloc_usable_size_r
 *fill*         0x00000000080029b6        0x2 
 .text._sbrk    0x00000000080029b8       0x1c /home/hyc/.gcc-arm-none-eabi/bin/../lib/gcc/arm-none-eabi/10.3.1/../../../../arm-none-eabi/lib/thumb/v7e-m+fp/hard/libnosys.a(sbrk.o)
                0x00000000080029b8                _sbrk
 *(.glue_7)
 .glue_7        0x00000000080029d4        0x0 linker stubs
 *(.glue_7t)
 .glue_7t       0x00000000080029d4        0x0 linker stubs
 *(.eh_frame)
 .eh_frame      0x00000000080029d4        0x0 /home/hyc/.gcc-arm-none-eabi/bin/../lib/gcc/arm-none-eabi/10.3.1/thumb/v7e-m+fp/hard/crtbegin.o
 *(.init)
 .init          0x00000000080029d4        0x4 /home/hyc/.gcc-arm-none-eabi/bin/../lib/gcc/arm-none-eabi/10.3.1/thumb/v7e-m+fp/hard/crti.o
                0x00000000080029d4                _init
 .init          0x00000000080029d8        0x8 /home/hyc/.gcc-arm-none-eabi/bin/../lib/gcc/arm-none-eabi/10.3.1/thumb/v7e-m+fp/hard/crtn.o
 *(.fini)
 .fini          0x00000000080029e0        0x4 /home/hyc/.gcc-arm-none-eabi/bin/../lib/gcc/arm-none-eabi/10.3.1/thumb/v7e-m+fp/hard/crti.o
                0x00000000080029e0                _fini
 .fini          0x00000000080029e4        0x8 /home/hyc/.gcc-arm-none-eabi/bin/../lib/gcc/arm-none-eabi/10.3.1/thumb/v7e-m+fp/hard/crtn.o
                0x00000000080029ec                . = ALIGN (0x4)
                0x00000000080029ec                _etext = .

.vfp11_veneer   0x00000000080029ec        0x0
 .vfp11_veneer  0x00000000080029ec        0x0 linker stubs

.v4_bx          0x00000000080029ec        0x0
 .v4_bx         0x00000000080029ec        0x0 linker stubs

.iplt           0x00000000080029ec        0x0
 .iplt          0x00000000080029ec        0x0 /home/hyc/.gcc-arm-none-eabi/bin/../lib/gcc/arm-none-eabi/10.3.1/thumb/v7e-m+fp/hard/crtbegin.o

.rodata         0x00000000080029ec      0x254
                0x00000000080029ec                . = ALIGN (0x4)
 *(.rodata)
 *(.rodata*)
 .rodata.main.str1.4
                0x00000000080029ec        0xf build/main.o
 .rodata.clear.str1.4
                0x00000000080029fb        0x8 build/command.o
 *fill*         0x00000000080029fb        0x1 
 .rodata.version.str1.4
                0x00000000080029fc       0x25 build/command.o
 *fill*         0x0000000008002a21        0x3 
 .rodata.hello2.str1.4
                0x0000000008002a24        0xd build/command.o
 *fill*         0x0000000008002a31        0x3 
 .rodata.hello3.str1.4
                0x0000000008002a34        0xd build/command.o
 *fill*         0x0000000008002a41        0x3 
 .rodata.argtest.str1.4
                0x0000000008002a44        0xd build/command.o
 *fill*         0x0000000008002a51        0x3 
 .rodata.cmdlist.str1.4
                0x0000000008002a54       0x4a build/command.o
 *fill*         0x0000000008002a9e        0x2 
 .rodata.keyscan.str1.4
                0x0000000008002aa0       0x23 build/command.o
 *fill*         0x0000000008002ac3        0x1 
 .rodata.str1.4
                0x0000000008002ac4       0xf9 build/command.o
 *fill*         0x0000000008002bbd        0x3 
 .rodata.commandExe.str1.4
                0x0000000008002bc0       0x1b build/shell.o
 *fill*         0x0000000008002bdb        0x1 
 .rodata.shellexe.str1.4
                0x0000000008002bdc        0xe build/shell.o
                                         0x12 (size before relaxing)
 *fill*         0x0000000008002bea        0x2 
 .rodata.MsgSend.str1.4
                0x0000000008002bec        0x5 build/shell.o
 *fill*         0x0000000008002bf1        0x3 
 .rodata.AHBPrescTable
                0x0000000008002bf4       0x10 build/system_stm32f4xx.o
                0x0000000008002bf4                AHBPrescTable
 .rodata.APBPrescTable
                0x0000000008002c04        0x8 build/system_stm32f4xx.o
                0x0000000008002c04                APBPrescTable
 .rodata._svfprintf_r.str1.1
                0x0000000008002c0c       0x11 /home/hyc/.gcc-arm-none-eabi/bin/../lib/gcc/arm-none-eabi/10.3.1/../../../../arm-none-eabi/lib/thumb/v7e-m+fp/hard/libc_nano.a(lib_a-nano-svfprintf.o)
 .rodata._printf_i.str1.1
                0x0000000008002c1d       0x22 /home/hyc/.gcc-arm-none-eabi/bin/../lib/gcc/arm-none-eabi/10.3.1/../../../../arm-none-eabi/lib/thumb/v7e-m+fp/hard/libc_nano.a(lib_a-nano-vfprintf_i.o)
                0x0000000008002c40                . = ALIGN (0x4)
 *fill*         0x0000000008002c3f        0x1 

.ARM.extab
 *(.ARM.extab* .gnu.linkonce.armextab.*)

.ARM            0x0000000008002c40        0x8
                0x0000000008002c40                __exidx_start = .
 *(.ARM.exidx*)
 .ARM.exidx     0x0000000008002c40        0x8 /home/hyc/.gcc-arm-none-eabi/bin/../lib/gcc/arm-none-eabi/10.3.1/thumb/v7e-m+fp/hard/libgcc.a(_udivmoddi4.o)
                0x0000000008002c48                __exidx_end = .

.rel.dyn        0x0000000008002c48        0x0
 .rel.iplt      0x0000000008002c48        0x0 /home/hyc/.gcc-arm-none-eabi/bin/../lib/gcc/arm-none-eabi/10.3.1/thumb/v7e-m+fp/hard/crtbegin.o

.preinit_array  0x0000000008002c48        0x0
                0x0000000008002c48                PROVIDE (__preinit_array_start = .)
 *(.preinit_array*)
                0x0000000008002c48                PROVIDE (__preinit_array_end = .)

.init_array     0x0000000008002c48        0x4
                0x0000000008002c48                PROVIDE (__init_array_start = .)
 *(SORT_BY_NAME(.init_array.*))
 *(.init_array*)
 .init_array    0x0000000008002c48        0x4 /home/hyc/.gcc-arm-none-eabi/bin/../lib/gcc/arm-none-eabi/10.3.1/thumb/v7e-m+fp/hard/crtbegin.o
                0x0000000008002c4c                PROVIDE (__init_array_end = .)

.fini_array     0x0000000008002c4c        0x4
                [!provide]                        PROVIDE (__fini_array_start = .)
 *(SORT_BY_NAME(.fini_array.*))
 *(.fini_array*)
 .fini_array    0x0000000008002c4c        0x4 /home/hyc/.gcc-arm-none-eabi/bin/../lib/gcc/arm-none-eabi/10.3.1/thumb/v7e-m+fp/hard/crtbegin.o
                [!provide]                        PROVIDE (__fini_array_end = .)
                0x0000000008002c50                _sidata = LOADADDR (.data)

.data           0x0000000020000000       0xe0 load address 0x0000000008002c50
                0x0000000020000000                . = ALIGN (0x4)
                0x0000000020000000                _sdata = .
 *(.data)
 *(.data*)
 .data.CMDList  0x0000000020000000       0x10 build/command.o
                0x0000000020000000                CMDList
 .data.Clear    0x0000000020000010       0x10 build/command.o
                0x0000000020000010                Clear
 .data.Command2
                0x0000000020000020       0x10 build/command.o
                0x0000000020000020                Command2
 .data.Command3
                0x0000000020000030       0x10 build/command.o
                0x0000000020000030                Command3
 .data.KeyScan  0x0000000020000040       0x10 build/command.o
                0x0000000020000040                KeyScan
 .data.Version  0x0000000020000050       0x10 build/command.o
                0x0000000020000050                Version
 .data.argDetect
                0x0000000020000060       0x10 build/command.o
                0x0000000020000060                argDetect
 .data.uwTickFreq
                0x0000000020000070        0x1 build/stm32f4xx_hal.o
                0x0000000020000070                uwTickFreq
 *fill*         0x0000000020000071        0x3 
 .data.uwTickPrio
                0x0000000020000074        0x4 build/stm32f4xx_hal.o
                0x0000000020000074                uwTickPrio
 .data.SystemCoreClock
                0x0000000020000078        0x4 build/system_stm32f4xx.o
                0x0000000020000078                SystemCoreClock
 .data._impure_ptr
                0x000000002000007c        0x4 /home/hyc/.gcc-arm-none-eabi/bin/../lib/gcc/arm-none-eabi/10.3.1/../../../../arm-none-eabi/lib/thumb/v7e-m+fp/hard/libc_nano.a(lib_a-impure.o)
                0x000000002000007c                _impure_ptr
 .data.impure_data
                0x0000000020000080       0x60 /home/hyc/.gcc-arm-none-eabi/bin/../lib/gcc/arm-none-eabi/10.3.1/../../../../arm-none-eabi/lib/thumb/v7e-m+fp/hard/libc_nano.a(lib_a-impure.o)
                0x00000000200000e0                . = ALIGN (0x4)
                0x00000000200000e0                _edata = .

.igot.plt       0x00000000200000e0        0x0 load address 0x0000000008002d30
 .igot.plt      0x00000000200000e0        0x0 /home/hyc/.gcc-arm-none-eabi/bin/../lib/gcc/arm-none-eabi/10.3.1/thumb/v7e-m+fp/hard/crtbegin.o
                0x00000000200000e0                . = ALIGN (0x4)

.bss            0x00000000200000e0      0x2e8 load address 0x0000000008002d30
                0x00000000200000e0                _sbss = .
                0x00000000200000e0                __bss_start__ = _sbss
 *(.bss)
 .bss           0x00000000200000e0       0x1c /home/hyc/.gcc-arm-none-eabi/bin/../lib/gcc/arm-none-eabi/10.3.1/thumb/v7e-m+fp/hard/crtbegin.o
 *(.bss*)
 .bss.huart1    0x00000000200000fc       0x44 build/usart.o
                0x00000000200000fc                huart1
 .bss.CMDiter   0x0000000020000140        0x4 build/shell.o
                0x0000000020000140                CMDiter
 .bss.Chariter  0x0000000020000144        0x4 build/shell.o
                0x0000000020000144                Chariter
 .bss.charbuffer
                0x0000000020000148        0x1 build/shell.o
                0x0000000020000148                charbuffer
 *fill*         0x0000000020000149        0x3 
 .bss.commandbuffer
                0x000000002000014c       0x64 build/shell.o
                0x000000002000014c                commandbuffer
 .bss.esc_flag  0x00000000200001b0        0x4 build/shell.o
                0x00000000200001b0                esc_flag
 .bss.g_nIndex  0x00000000200001b4        0x4 build/shell.o
                0x00000000200001b4                g_nIndex
 .bss.isEnable  0x00000000200001b8        0x4 build/shell.o
                0x00000000200001b8                isEnable
 .bss.msgbuffer
                0x00000000200001bc      0x1f4 build/shell.o
                0x00000000200001bc                msgbuffer
 .bss.uwTick    0x00000000200003b0        0x4 build/stm32f4xx_hal.o
                0x00000000200003b0                uwTick
 .bss.__malloc_free_list
                0x00000000200003b4        0x4 /home/hyc/.gcc-arm-none-eabi/bin/../lib/gcc/arm-none-eabi/10.3.1/../../../../arm-none-eabi/lib/thumb/v7e-m+fp/hard/libc_nano.a(lib_a-nano-mallocr.o)
                0x00000000200003b4                __malloc_free_list
 .bss.__malloc_sbrk_start
                0x00000000200003b8        0x4 /home/hyc/.gcc-arm-none-eabi/bin/../lib/gcc/arm-none-eabi/10.3.1/../../../../arm-none-eabi/lib/thumb/v7e-m+fp/hard/libc_nano.a(lib_a-nano-mallocr.o)
                0x00000000200003b8                __malloc_sbrk_start
 .bss.errno     0x00000000200003bc        0x4 /home/hyc/.gcc-arm-none-eabi/bin/../lib/gcc/arm-none-eabi/10.3.1/../../../../arm-none-eabi/lib/thumb/v7e-m+fp/hard/libc_nano.a(lib_a-reent.o)
                0x00000000200003bc                errno
 .bss.__lock___malloc_recursive_mutex
                0x00000000200003c0        0x1 /home/hyc/.gcc-arm-none-eabi/bin/../lib/gcc/arm-none-eabi/10.3.1/../../../../arm-none-eabi/lib/thumb/v7e-m+fp/hard/libc_nano.a(lib_a-lock.o)
                0x00000000200003c0                __lock___malloc_recursive_mutex
 *fill*         0x00000000200003c1        0x3 
 .bss.heap_end.0
                0x00000000200003c4        0x4 /home/hyc/.gcc-arm-none-eabi/bin/../lib/gcc/arm-none-eabi/10.3.1/../../../../arm-none-eabi/lib/thumb/v7e-m+fp/hard/libnosys.a(sbrk.o)
 *(COMMON)
                0x00000000200003c8                . = ALIGN (0x4)
                0x00000000200003c8                _ebss = .
                0x00000000200003c8                __bss_end__ = _ebss

._user_heap_stack
                0x00000000200003c8      0x600 load address 0x0000000008002d30
                0x00000000200003c8                . = ALIGN (0x8)
                0x00000000200003c8                PROVIDE (end = .)
                [!provide]                        PROVIDE (_end = .)
                0x00000000200005c8                . = (. + _Min_Heap_Size)
 *fill*         0x00000000200003c8      0x200 
                0x00000000200009c8                . = (. + _Min_Stack_Size)
 *fill*         0x00000000200005c8      0x400 
                0x00000000200009c8                . = ALIGN (0x8)

/DISCARD/
 libc.a(*)
 libm.a(*)
 libgcc.a(*)

.ARM.attributes
                0x0000000000000000       0x30
 *(.ARM.attributes)
 .ARM.attributes
                0x0000000000000000       0x1e /home/hyc/.gcc-arm-none-eabi/bin/../lib/gcc/arm-none-eabi/10.3.1/thumb/v7e-m+fp/hard/crti.o
 .ARM.attributes
                0x000000000000001e       0x34 /home/hyc/.gcc-arm-none-eabi/bin/../lib/gcc/arm-none-eabi/10.3.1/thumb/v7e-m+fp/hard/crtbegin.o
 .ARM.attributes
                0x0000000000000052       0x34 build/main.o
 .ARM.attributes
                0x0000000000000086       0x34 build/gpio.o
 .ARM.attributes
                0x00000000000000ba       0x34 build/usart.o
 .ARM.attributes
                0x00000000000000ee       0x34 build/stm32f4xx_it.o
 .ARM.attributes
                0x0000000000000122       0x34 build/stm32f4xx_hal_msp.o
 .ARM.attributes
                0x0000000000000156       0x34 build/command.o
 .ARM.attributes
                0x000000000000018a       0x34 build/shell.o
 .ARM.attributes
                0x00000000000001be       0x34 build/stm32f4xx_hal_uart.o
 .ARM.attributes
                0x00000000000001f2       0x34 build/stm32f4xx_hal_rcc.o
 .ARM.attributes
                0x0000000000000226       0x34 build/stm32f4xx_hal_gpio.o
 .ARM.attributes
                0x000000000000025a       0x34 build/stm32f4xx_hal_dma.o
 .ARM.attributes
                0x000000000000028e       0x34 build/stm32f4xx_hal_cortex.o
 .ARM.attributes
                0x00000000000002c2       0x34 build/stm32f4xx_hal.o
 .ARM.attributes
                0x00000000000002f6       0x34 build/system_stm32f4xx.o
 .ARM.attributes
                0x000000000000032a       0x21 build/startup_stm32f411xe.o
 .ARM.attributes
                0x000000000000034b       0x34 /home/hyc/.gcc-arm-none-eabi/bin/../lib/gcc/arm-none-eabi/10.3.1/../../../../arm-none-eabi/lib/thumb/v7e-m+fp/hard/libc_nano.a(lib_a-impure.o)
 .ARM.attributes
                0x000000000000037f       0x34 /home/hyc/.gcc-arm-none-eabi/bin/../lib/gcc/arm-none-eabi/10.3.1/../../../../arm-none-eabi/lib/thumb/v7e-m+fp/hard/libc_nano.a(lib_a-init.o)
 .ARM.attributes
                0x00000000000003b3       0x34 /home/hyc/.gcc-arm-none-eabi/bin/../lib/gcc/arm-none-eabi/10.3.1/../../../../arm-none-eabi/lib/thumb/v7e-m+fp/hard/libc_nano.a(lib_a-malloc.o)
 .ARM.attributes
                0x00000000000003e7       0x34 /home/hyc/.gcc-arm-none-eabi/bin/../lib/gcc/arm-none-eabi/10.3.1/../../../../arm-none-eabi/lib/thumb/v7e-m+fp/hard/libc_nano.a(lib_a-memcmp.o)
 .ARM.attributes
                0x000000000000041b       0x34 /home/hyc/.gcc-arm-none-eabi/bin/../lib/gcc/arm-none-eabi/10.3.1/../../../../arm-none-eabi/lib/thumb/v7e-m+fp/hard/libc_nano.a(lib_a-memset.o)
 .ARM.attributes
                0x000000000000044f       0x34 /home/hyc/.gcc-arm-none-eabi/bin/../lib/gcc/arm-none-eabi/10.3.1/../../../../arm-none-eabi/lib/thumb/v7e-m+fp/hard/libc_nano.a(lib_a-nano-freer.o)
 .ARM.attributes
                0x0000000000000483       0x34 /home/hyc/.gcc-arm-none-eabi/bin/../lib/gcc/arm-none-eabi/10.3.1/../../../../arm-none-eabi/lib/thumb/v7e-m+fp/hard/libc_nano.a(lib_a-nano-mallocr.o)
 .ARM.attributes
                0x00000000000004b7       0x34 /home/hyc/.gcc-arm-none-eabi/bin/../lib/gcc/arm-none-eabi/10.3.1/../../../../arm-none-eabi/lib/thumb/v7e-m+fp/hard/libc_nano.a(lib_a-sbrkr.o)
 .ARM.attributes
                0x00000000000004eb       0x34 /home/hyc/.gcc-arm-none-eabi/bin/../lib/gcc/arm-none-eabi/10.3.1/../../../../arm-none-eabi/lib/thumb/v7e-m+fp/hard/libc_nano.a(lib_a-sprintf.o)
 .ARM.attributes
                0x000000000000051f       0x34 /home/hyc/.gcc-arm-none-eabi/bin/../lib/gcc/arm-none-eabi/10.3.1/../../../../arm-none-eabi/lib/thumb/v7e-m+fp/hard/libc_nano.a(lib_a-strcat.o)
 .ARM.attributes
                0x0000000000000553       0x34 /home/hyc/.gcc-arm-none-eabi/bin/../lib/gcc/arm-none-eabi/10.3.1/../../../../arm-none-eabi/lib/thumb/v7e-m+fp/hard/libc_nano.a(lib_a-strcpy.o)
 .ARM.attributes
                0x0000000000000587       0x17 /home/hyc/.gcc-arm-none-eabi/bin/../lib/gcc/arm-none-eabi/10.3.1/../../../../arm-none-eabi/lib/thumb/v7e-m+fp/hard/libc_nano.a(lib_a-strlen.o)
 .ARM.attributes
                0x000000000000059e       0x34 /home/hyc/.gcc-arm-none-eabi/bin/../lib/gcc/arm-none-eabi/10.3.1/../../../../arm-none-eabi/lib/thumb/v7e-m+fp/hard/libc_nano.a(lib_a-strncpy.o)
 .ARM.attributes
                0x00000000000005d2       0x34 /home/hyc/.gcc-arm-none-eabi/bin/../lib/gcc/arm-none-eabi/10.3.1/../../../../arm-none-eabi/lib/thumb/v7e-m+fp/hard/libc_nano.a(lib_a-strstr.o)
 .ARM.attributes
                0x0000000000000606       0x34 /home/hyc/.gcc-arm-none-eabi/bin/../lib/gcc/arm-none-eabi/10.3.1/../../../../arm-none-eabi/lib/thumb/v7e-m+fp/hard/libc_nano.a(lib_a-mlock.o)
 .ARM.attributes
                0x000000000000063a       0x34 /home/hyc/.gcc-arm-none-eabi/bin/../lib/gcc/arm-none-eabi/10.3.1/../../../../arm-none-eabi/lib/thumb/v7e-m+fp/hard/libc_nano.a(lib_a-nano-svfprintf.o)
 .ARM.attributes
                0x000000000000066e       0x34 /home/hyc/.gcc-arm-none-eabi/bin/../lib/gcc/arm-none-eabi/10.3.1/../../../../arm-none-eabi/lib/thumb/v7e-m+fp/hard/libc_nano.a(lib_a-nano-vfprintf_i.o)
 .ARM.attributes
                0x00000000000006a2       0x34 /home/hyc/.gcc-arm-none-eabi/bin/../lib/gcc/arm-none-eabi/10.3.1/../../../../arm-none-eabi/lib/thumb/v7e-m+fp/hard/libc_nano.a(lib_a-reent.o)
 .ARM.attributes
                0x00000000000006d6       0x34 /home/hyc/.gcc-arm-none-eabi/bin/../lib/gcc/arm-none-eabi/10.3.1/../../../../arm-none-eabi/lib/thumb/v7e-m+fp/hard/libc_nano.a(lib_a-lock.o)
 .ARM.attributes
                0x000000000000070a       0x1c /home/hyc/.gcc-arm-none-eabi/bin/../lib/gcc/arm-none-eabi/10.3.1/../../../../arm-none-eabi/lib/thumb/v7e-m+fp/hard/libc_nano.a(lib_a-memchr.o)
 .ARM.attributes
                0x0000000000000726       0x34 /home/hyc/.gcc-arm-none-eabi/bin/../lib/gcc/arm-none-eabi/10.3.1/../../../../arm-none-eabi/lib/thumb/v7e-m+fp/hard/libc_nano.a(lib_a-memcpy-stub.o)
 .ARM.attributes
                0x000000000000075a       0x34 /home/hyc/.gcc-arm-none-eabi/bin/../lib/gcc/arm-none-eabi/10.3.1/../../../../arm-none-eabi/lib/thumb/v7e-m+fp/hard/libc_nano.a(lib_a-memmove.o)
 .ARM.attributes
                0x000000000000078e       0x34 /home/hyc/.gcc-arm-none-eabi/bin/../lib/gcc/arm-none-eabi/10.3.1/../../../../arm-none-eabi/lib/thumb/v7e-m+fp/hard/libc_nano.a(lib_a-nano-reallocr.o)
 .ARM.attributes
                0x00000000000007c2       0x34 /home/hyc/.gcc-arm-none-eabi/bin/../lib/gcc/arm-none-eabi/10.3.1/../../../../arm-none-eabi/lib/thumb/v7e-m+fp/hard/libc_nano.a(lib_a-nano-msizer.o)
 .ARM.attributes
                0x00000000000007f6       0x34 /home/hyc/.gcc-arm-none-eabi/bin/../lib/gcc/arm-none-eabi/10.3.1/../../../../arm-none-eabi/lib/thumb/v7e-m+fp/hard/libnosys.a(sbrk.o)
 .ARM.attributes
                0x000000000000082a       0x1e /home/hyc/.gcc-arm-none-eabi/bin/../lib/gcc/arm-none-eabi/10.3.1/thumb/v7e-m+fp/hard/libgcc.a(_aeabi_uldivmod.o)
 .ARM.attributes
                0x0000000000000848       0x34 /home/hyc/.gcc-arm-none-eabi/bin/../lib/gcc/arm-none-eabi/10.3.1/thumb/v7e-m+fp/hard/libgcc.a(_udivmoddi4.o)
 .ARM.attributes
                0x000000000000087c       0x1e /home/hyc/.gcc-arm-none-eabi/bin/../lib/gcc/arm-none-eabi/10.3.1/thumb/v7e-m+fp/hard/libgcc.a(_dvmd_tls.o)
 .ARM.attributes
                0x000000000000089a       0x1e /home/hyc/.gcc-arm-none-eabi/bin/../lib/gcc/arm-none-eabi/10.3.1/thumb/v7e-m+fp/hard/crtn.o
OUTPUT(build/shell.elf elf32-littlearm)
LOAD linker stubs
LOAD /home/hyc/.gcc-arm-none-eabi/bin/../lib/gcc/arm-none-eabi/10.3.1/../../../../arm-none-eabi/lib/thumb/v7e-m+fp/hard/libc.a
LOAD /home/hyc/.gcc-arm-none-eabi/bin/../lib/gcc/arm-none-eabi/10.3.1/../../../../arm-none-eabi/lib/thumb/v7e-m+fp/hard/libm.a
LOAD /home/hyc/.gcc-arm-none-eabi/bin/../lib/gcc/arm-none-eabi/10.3.1/thumb/v7e-m+fp/hard/libgcc.a

.debug_info     0x0000000000000000     0xc819
 .debug_info    0x0000000000000000      0xc64 build/main.o
 .debug_info    0x0000000000000c64      0x4f5 build/gpio.o
 .debug_info    0x0000000000001159      0xce9 build/usart.o
 .debug_info    0x0000000000001e42      0x718 build/stm32f4xx_it.o
 .debug_info    0x000000000000255a      0x31d build/stm32f4xx_hal_msp.o
 .debug_info    0x0000000000002877      0xca3 build/command.o
 .debug_info    0x000000000000351a      0xd9a build/shell.o
 .debug_info    0x00000000000042b4     0x43c4 build/stm32f4xx_hal_uart.o
 .debug_info    0x0000000000008678      0xc14 build/stm32f4xx_hal_rcc.o
 .debug_info    0x000000000000928c      0x872 build/stm32f4xx_hal_gpio.o
 .debug_info    0x0000000000009afe      0xbc9 build/stm32f4xx_hal_dma.o
 .debug_info    0x000000000000a6c7     0x10e4 build/stm32f4xx_hal_cortex.o
 .debug_info    0x000000000000b7ab      0xa67 build/stm32f4xx_hal.o
 .debug_info    0x000000000000c212      0x5e5 build/system_stm32f4xx.o
 .debug_info    0x000000000000c7f7       0x22 build/startup_stm32f411xe.o

.debug_abbrev   0x0000000000000000     0x1e23
 .debug_abbrev  0x0000000000000000      0x240 build/main.o
 .debug_abbrev  0x0000000000000240      0x151 build/gpio.o
 .debug_abbrev  0x0000000000000391      0x1e0 build/usart.o
 .debug_abbrev  0x0000000000000571      0x17c build/stm32f4xx_it.o
 .debug_abbrev  0x00000000000006ed       0xd3 build/stm32f4xx_hal_msp.o
 .debug_abbrev  0x00000000000007c0      0x213 build/command.o
 .debug_abbrev  0x00000000000009d3      0x273 build/shell.o
 .debug_abbrev  0x0000000000000c46      0x360 build/stm32f4xx_hal_uart.o
 .debug_abbrev  0x0000000000000fa6      0x2aa build/stm32f4xx_hal_rcc.o
 .debug_abbrev  0x0000000000001250      0x22b build/stm32f4xx_hal_gpio.o
 .debug_abbrev  0x000000000000147b      0x2bf build/stm32f4xx_hal_dma.o
 .debug_abbrev  0x000000000000173a      0x382 build/stm32f4xx_hal_cortex.o
 .debug_abbrev  0x0000000000001abc      0x23a build/stm32f4xx_hal.o
 .debug_abbrev  0x0000000000001cf6      0x11b build/system_stm32f4xx.o
 .debug_abbrev  0x0000000000001e11       0x12 build/startup_stm32f411xe.o

.debug_loc      0x0000000000000000     0x7e15
 .debug_loc     0x0000000000000000       0x66 build/main.o
 .debug_loc     0x0000000000000066       0x38 build/gpio.o
 .debug_loc     0x000000000000009e      0x108 build/usart.o
 .debug_loc     0x00000000000001a6       0x40 build/stm32f4xx_it.o
 .debug_loc     0x00000000000001e6       0x2c build/stm32f4xx_hal_msp.o
 .debug_loc     0x0000000000000212      0x448 build/command.o
 .debug_loc     0x000000000000065a      0x276 build/shell.o
 .debug_loc     0x00000000000008d0     0x502f build/stm32f4xx_hal_uart.o
 .debug_loc     0x00000000000058ff      0x6e4 build/stm32f4xx_hal_rcc.o
 .debug_loc     0x0000000000005fe3      0x5e8 build/stm32f4xx_hal_gpio.o
 .debug_loc     0x00000000000065cb      0xd6d build/stm32f4xx_hal_dma.o
 .debug_loc     0x0000000000007338      0x7a4 build/stm32f4xx_hal_cortex.o
 .debug_loc     0x0000000000007adc      0x1e1 build/stm32f4xx_hal.o
 .debug_loc     0x0000000000007cbd      0x158 build/system_stm32f4xx.o

.debug_aranges  0x0000000000000000      0x6f0
 .debug_aranges
                0x0000000000000000       0x38 build/main.o
 .debug_aranges
                0x0000000000000038       0x20 build/gpio.o
 .debug_aranges
                0x0000000000000058       0x30 build/usart.o
 .debug_aranges
                0x0000000000000088       0x68 build/stm32f4xx_it.o
 .debug_aranges
                0x00000000000000f0       0x20 build/stm32f4xx_hal_msp.o
 .debug_aranges
                0x0000000000000110       0x50 build/command.o
 .debug_aranges
                0x0000000000000160       0x38 build/shell.o
 .debug_aranges
                0x0000000000000198      0x200 build/stm32f4xx_hal_uart.o
 .debug_aranges
                0x0000000000000398       0x88 build/stm32f4xx_hal_rcc.o
 .debug_aranges
                0x0000000000000420       0x58 build/stm32f4xx_hal_gpio.o
 .debug_aranges
                0x0000000000000478       0x90 build/stm32f4xx_hal_dma.o
 .debug_aranges
                0x0000000000000508       0xa8 build/stm32f4xx_hal_cortex.o
 .debug_aranges
                0x00000000000005b0       0xf0 build/stm32f4xx_hal.o
 .debug_aranges
                0x00000000000006a0       0x28 build/system_stm32f4xx.o
 .debug_aranges
                0x00000000000006c8       0x28 build/startup_stm32f411xe.o

.debug_ranges   0x0000000000000000      0x6b0
 .debug_ranges  0x0000000000000000       0x28 build/main.o
 .debug_ranges  0x0000000000000028       0x10 build/gpio.o
 .debug_ranges  0x0000000000000038       0x20 build/usart.o
 .debug_ranges  0x0000000000000058       0x58 build/stm32f4xx_it.o
 .debug_ranges  0x00000000000000b0       0x10 build/stm32f4xx_hal_msp.o
 .debug_ranges  0x00000000000000c0       0x58 build/command.o
 .debug_ranges  0x0000000000000118       0x28 build/shell.o
 .debug_ranges  0x0000000000000140      0x208 build/stm32f4xx_hal_uart.o
 .debug_ranges  0x0000000000000348       0x90 build/stm32f4xx_hal_rcc.o
 .debug_ranges  0x00000000000003d8       0x48 build/stm32f4xx_hal_gpio.o
 .debug_ranges  0x0000000000000420       0x80 build/stm32f4xx_hal_dma.o
 .debug_ranges  0x00000000000004a0       0xf8 build/stm32f4xx_hal_cortex.o
 .debug_ranges  0x0000000000000598       0xe0 build/stm32f4xx_hal.o
 .debug_ranges  0x0000000000000678       0x18 build/system_stm32f4xx.o
 .debug_ranges  0x0000000000000690       0x20 build/startup_stm32f411xe.o

.debug_line     0x0000000000000000     0x87c6
 .debug_line    0x0000000000000000      0x341 build/main.o
 .debug_line    0x0000000000000341      0x18a build/gpio.o
 .debug_line    0x00000000000004cb      0x2ba build/usart.o
 .debug_line    0x0000000000000785      0x2a4 build/stm32f4xx_it.o
 .debug_line    0x0000000000000a29      0x12e build/stm32f4xx_hal_msp.o
 .debug_line    0x0000000000000b57      0x3ee build/command.o
 .debug_line    0x0000000000000f45      0x440 build/shell.o
 .debug_line    0x0000000000001385     0x45ac build/stm32f4xx_hal_uart.o
 .debug_line    0x0000000000005931      0xae3 build/stm32f4xx_hal_rcc.o
 .debug_line    0x0000000000006414      0x697 build/stm32f4xx_hal_gpio.o
 .debug_line    0x0000000000006aab      0xdfc build/stm32f4xx_hal_dma.o
 .debug_line    0x00000000000078a7      0x74c build/stm32f4xx_hal_cortex.o
 .debug_line    0x0000000000007ff3      0x539 build/stm32f4xx_hal.o
 .debug_line    0x000000000000852c      0x224 build/system_stm32f4xx.o
 .debug_line    0x0000000000008750       0x76 build/startup_stm32f411xe.o

.debug_str      0x0000000000000000     0x2438
 .debug_str     0x0000000000000000      0x877 build/main.o
                                        0x914 (size before relaxing)
 .debug_str     0x0000000000000877       0xb4 build/gpio.o
                                        0x356 (size before relaxing)
 .debug_str     0x000000000000092b      0x430 build/usart.o
                                        0xbb8 (size before relaxing)
 .debug_str     0x0000000000000d5b       0xda build/stm32f4xx_it.o
                                        0x694 (size before relaxing)
 .debug_str     0x0000000000000e35       0x29 build/stm32f4xx_hal_msp.o
                                        0x2a5 (size before relaxing)
 .debug_str     0x0000000000000e5e      0x105 build/command.o
                                        0x72f (size before relaxing)
 .debug_str     0x0000000000000f63       0xed build/shell.o
                                        0x7d0 (size before relaxing)
 .debug_str     0x0000000000001050      0x650 build/stm32f4xx_hal_uart.o
                                        0xd31 (size before relaxing)
 .debug_str     0x00000000000016a0      0x1d7 build/stm32f4xx_hal_rcc.o
                                        0x6f0 (size before relaxing)
 .debug_str     0x0000000000001877      0x112 build/stm32f4xx_hal_gpio.o
                                        0x4ca (size before relaxing)
 .debug_str     0x0000000000001989      0x2d0 build/stm32f4xx_hal_dma.o
                                        0x74e (size before relaxing)
 .debug_str     0x0000000000001c59      0x4d5 build/stm32f4xx_hal_cortex.o
                                        0xaac (size before relaxing)
 .debug_str     0x000000000000212e      0x29f build/stm32f4xx_hal.o
                                        0x9ec (size before relaxing)
 .debug_str     0x00000000000023cd       0x47 build/system_stm32f4xx.o
                                        0x35f (size before relaxing)
 .debug_str     0x0000000000002414       0x24 build/startup_stm32f411xe.o
                                         0x42 (size before relaxing)

.comment        0x0000000000000000       0x49
 .comment       0x0000000000000000       0x49 build/main.o
                                         0x4a (size before relaxing)
 .comment       0x0000000000000049       0x4a build/gpio.o
 .comment       0x0000000000000049       0x4a build/usart.o
 .comment       0x0000000000000049       0x4a build/stm32f4xx_it.o
 .comment       0x0000000000000049       0x4a build/stm32f4xx_hal_msp.o
 .comment       0x0000000000000049       0x4a build/command.o
 .comment       0x0000000000000049       0x4a build/shell.o
 .comment       0x0000000000000049       0x4a build/stm32f4xx_hal_uart.o
 .comment       0x0000000000000049       0x4a build/stm32f4xx_hal_rcc.o
 .comment       0x0000000000000049       0x4a build/stm32f4xx_hal_gpio.o
 .comment       0x0000000000000049       0x4a build/stm32f4xx_hal_dma.o
 .comment       0x0000000000000049       0x4a build/stm32f4xx_hal_cortex.o
 .comment       0x0000000000000049       0x4a build/stm32f4xx_hal.o
 .comment       0x0000000000000049       0x4a build/system_stm32f4xx.o

.debug_frame    0x0000000000000000     0x1604
 .debug_frame   0x0000000000000000       0x68 build/main.o
 .debug_frame   0x0000000000000068       0x30 build/gpio.o
 .debug_frame   0x0000000000000098       0x64 build/usart.o
 .debug_frame   0x00000000000000fc       0xc0 build/stm32f4xx_it.o
 .debug_frame   0x00000000000001bc       0x28 build/stm32f4xx_hal_msp.o
 .debug_frame   0x00000000000001e4       0xd4 build/command.o
 .debug_frame   0x00000000000002b8       0x9c build/shell.o
 .debug_frame   0x0000000000000354      0x5cc build/stm32f4xx_hal_uart.o
 .debug_frame   0x0000000000000920      0x16c build/stm32f4xx_hal_rcc.o
 .debug_frame   0x0000000000000a8c       0xd8 build/stm32f4xx_hal_gpio.o
 .debug_frame   0x0000000000000b64      0x188 build/stm32f4xx_hal_dma.o
 .debug_frame   0x0000000000000cec      0x148 build/stm32f4xx_hal_cortex.o
 .debug_frame   0x0000000000000e34      0x1ec build/stm32f4xx_hal.o
 .debug_frame   0x0000000000001020       0x30 build/system_stm32f4xx.o
 .debug_frame   0x0000000000001050       0x2c /home/hyc/.gcc-arm-none-eabi/bin/../lib/gcc/arm-none-eabi/10.3.1/../../../../arm-none-eabi/lib/thumb/v7e-m+fp/hard/libc_nano.a(lib_a-init.o)
 .debug_frame   0x000000000000107c       0x30 /home/hyc/.gcc-arm-none-eabi/bin/../lib/gcc/arm-none-eabi/10.3.1/../../../../arm-none-eabi/lib/thumb/v7e-m+fp/hard/libc_nano.a(lib_a-malloc.o)
 .debug_frame   0x00000000000010ac       0x28 /home/hyc/.gcc-arm-none-eabi/bin/../lib/gcc/arm-none-eabi/10.3.1/../../../../arm-none-eabi/lib/thumb/v7e-m+fp/hard/libc_nano.a(lib_a-memcmp.o)
 .debug_frame   0x00000000000010d4       0x20 /home/hyc/.gcc-arm-none-eabi/bin/../lib/gcc/arm-none-eabi/10.3.1/../../../../arm-none-eabi/lib/thumb/v7e-m+fp/hard/libc_nano.a(lib_a-memset.o)
 .debug_frame   0x00000000000010f4       0x38 /home/hyc/.gcc-arm-none-eabi/bin/../lib/gcc/arm-none-eabi/10.3.1/../../../../arm-none-eabi/lib/thumb/v7e-m+fp/hard/libc_nano.a(lib_a-nano-freer.o)
 .debug_frame   0x000000000000112c       0x4c /home/hyc/.gcc-arm-none-eabi/bin/../lib/gcc/arm-none-eabi/10.3.1/../../../../arm-none-eabi/lib/thumb/v7e-m+fp/hard/libc_nano.a(lib_a-nano-mallocr.o)
 .debug_frame   0x0000000000001178       0x2c /home/hyc/.gcc-arm-none-eabi/bin/../lib/gcc/arm-none-eabi/10.3.1/../../../../arm-none-eabi/lib/thumb/v7e-m+fp/hard/libc_nano.a(lib_a-sbrkr.o)
 .debug_frame   0x00000000000011a4       0x6c /home/hyc/.gcc-arm-none-eabi/bin/../lib/gcc/arm-none-eabi/10.3.1/../../../../arm-none-eabi/lib/thumb/v7e-m+fp/hard/libc_nano.a(lib_a-sprintf.o)
 .debug_frame   0x0000000000001210       0x28 /home/hyc/.gcc-arm-none-eabi/bin/../lib/gcc/arm-none-eabi/10.3.1/../../../../arm-none-eabi/lib/thumb/v7e-m+fp/hard/libc_nano.a(lib_a-strcat.o)
 .debug_frame   0x0000000000001238       0x20 /home/hyc/.gcc-arm-none-eabi/bin/../lib/gcc/arm-none-eabi/10.3.1/../../../../arm-none-eabi/lib/thumb/v7e-m+fp/hard/libc_nano.a(lib_a-strcpy.o)
 .debug_frame   0x0000000000001258       0x28 /home/hyc/.gcc-arm-none-eabi/bin/../lib/gcc/arm-none-eabi/10.3.1/../../../../arm-none-eabi/lib/thumb/v7e-m+fp/hard/libc_nano.a(lib_a-strncpy.o)
 .debug_frame   0x0000000000001280       0x2c /home/hyc/.gcc-arm-none-eabi/bin/../lib/gcc/arm-none-eabi/10.3.1/../../../../arm-none-eabi/lib/thumb/v7e-m+fp/hard/libc_nano.a(lib_a-strstr.o)
 .debug_frame   0x00000000000012ac       0x30 /home/hyc/.gcc-arm-none-eabi/bin/../lib/gcc/arm-none-eabi/10.3.1/../../../../arm-none-eabi/lib/thumb/v7e-m+fp/hard/libc_nano.a(lib_a-mlock.o)
 .debug_frame   0x00000000000012dc       0x90 /home/hyc/.gcc-arm-none-eabi/bin/../lib/gcc/arm-none-eabi/10.3.1/../../../../arm-none-eabi/lib/thumb/v7e-m+fp/hard/libc_nano.a(lib_a-nano-svfprintf.o)
 .debug_frame   0x000000000000136c       0x60 /home/hyc/.gcc-arm-none-eabi/bin/../lib/gcc/arm-none-eabi/10.3.1/../../../../arm-none-eabi/lib/thumb/v7e-m+fp/hard/libc_nano.a(lib_a-nano-vfprintf_i.o)
 .debug_frame   0x00000000000013cc       0x5c /home/hyc/.gcc-arm-none-eabi/bin/../lib/gcc/arm-none-eabi/10.3.1/../../../../arm-none-eabi/lib/thumb/v7e-m+fp/hard/libc_nano.a(lib_a-reent.o)
 .debug_frame   0x0000000000001428       0xb0 /home/hyc/.gcc-arm-none-eabi/bin/../lib/gcc/arm-none-eabi/10.3.1/../../../../arm-none-eabi/lib/thumb/v7e-m+fp/hard/libc_nano.a(lib_a-lock.o)
 .debug_frame   0x00000000000014d8       0x28 /home/hyc/.gcc-arm-none-eabi/bin/../lib/gcc/arm-none-eabi/10.3.1/../../../../arm-none-eabi/lib/thumb/v7e-m+fp/hard/libc_nano.a(lib_a-memcpy-stub.o)
 .debug_frame   0x0000000000001500       0x28 /home/hyc/.gcc-arm-none-eabi/bin/../lib/gcc/arm-none-eabi/10.3.1/../../../../arm-none-eabi/lib/thumb/v7e-m+fp/hard/libc_nano.a(lib_a-memmove.o)
 .debug_frame   0x0000000000001528       0x3c /home/hyc/.gcc-arm-none-eabi/bin/../lib/gcc/arm-none-eabi/10.3.1/../../../../arm-none-eabi/lib/thumb/v7e-m+fp/hard/libc_nano.a(lib_a-nano-reallocr.o)
 .debug_frame   0x0000000000001564       0x20 /home/hyc/.gcc-arm-none-eabi/bin/../lib/gcc/arm-none-eabi/10.3.1/../../../../arm-none-eabi/lib/thumb/v7e-m+fp/hard/libc_nano.a(lib_a-nano-msizer.o)
 .debug_frame   0x0000000000001584       0x20 /home/hyc/.gcc-arm-none-eabi/bin/../lib/gcc/arm-none-eabi/10.3.1/../../../../arm-none-eabi/lib/thumb/v7e-m+fp/hard/libnosys.a(sbrk.o)
 .debug_frame   0x00000000000015a4       0x2c /home/hyc/.gcc-arm-none-eabi/bin/../lib/gcc/arm-none-eabi/10.3.1/thumb/v7e-m+fp/hard/libgcc.a(_aeabi_uldivmod.o)
 .debug_frame   0x00000000000015d0       0x34 /home/hyc/.gcc-arm-none-eabi/bin/../lib/gcc/arm-none-eabi/10.3.1/thumb/v7e-m+fp/hard/libgcc.a(_udivmoddi4.o)

Cross Reference Table

Symbol                                            File
ADC_IRQHandler                                    build/startup_stm32f411xe.o
AHBPrescTable                                     build/system_stm32f4xx.o
                                                  build/stm32f4xx_hal_rcc.o
APBPrescTable                                     build/system_stm32f4xx.o
                                                  build/stm32f4xx_hal_rcc.o
BusFault_Handler                                  build/stm32f4xx_it.o
CMDList                                           build/command.o
                                                  build/shell.o
CMDiter                                           build/shell.o
                                                  build/command.o
Chariter                                          build/shell.o
Clear                                             build/command.o
Command2                                          build/command.o
Command3                                          build/command.o
DMA1_Stream0_IRQHandler                           build/startup_stm32f411xe.o
DMA1_Stream1_IRQHandler                           build/startup_stm32f411xe.o
DMA1_Stream2_IRQHandler                           build/startup_stm32f411xe.o
DMA1_Stream3_IRQHandler                           build/startup_stm32f411xe.o
DMA1_Stream4_IRQHandler                           build/startup_stm32f411xe.o
DMA1_Stream5_IRQHandler                           build/startup_stm32f411xe.o
DMA1_Stream6_IRQHandler                           build/startup_stm32f411xe.o
DMA1_Stream7_IRQHandler                           build/startup_stm32f411xe.o
DMA2_Stream0_IRQHandler                           build/startup_stm32f411xe.o
DMA2_Stream1_IRQHandler                           build/startup_stm32f411xe.o
DMA2_Stream2_IRQHandler                           build/startup_stm32f411xe.o
DMA2_Stream3_IRQHandler                           build/startup_stm32f411xe.o
DMA2_Stream4_IRQHandler                           build/startup_stm32f411xe.o
DMA2_Stream5_IRQHandler                           build/startup_stm32f411xe.o
DMA2_Stream6_IRQHandler                           build/startup_stm32f411xe.o
DMA2_Stream7_IRQHandler                           build/startup_stm32f411xe.o
DebugMon_Handler                                  build/stm32f4xx_it.o
DebugSend                                         build/shell.o
                                                  build/command.o
                                                  build/main.o
Default_Handler                                   build/startup_stm32f411xe.o
EXTI0_IRQHandler                                  build/startup_stm32f411xe.o
EXTI15_10_IRQHandler                              build/startup_stm32f411xe.o
EXTI1_IRQHandler                                  build/startup_stm32f411xe.o
EXTI2_IRQHandler                                  build/startup_stm32f411xe.o
EXTI3_IRQHandler                                  build/startup_stm32f411xe.o
EXTI4_IRQHandler                                  build/startup_stm32f411xe.o
EXTI9_5_IRQHandler                                build/startup_stm32f411xe.o
Error_Handler                                     build/main.o
                                                  build/shell.o
                                                  build/usart.o
FLASH_Erase_Sector                                build/stm32f4xx_hal_flash_ex.o
                                                  build/stm32f4xx_hal_flash.o
FLASH_FlushCaches                                 build/stm32f4xx_hal_flash_ex.o
                                                  build/stm32f4xx_hal_flash.o
FLASH_IRQHandler                                  build/startup_stm32f411xe.o
FLASH_WaitForLastOperation                        build/stm32f4xx_hal_flash.o
                                                  build/stm32f4xx_hal_flash_ex.o
FPU_IRQHandler                                    build/startup_stm32f411xe.o
HAL_DBGMCU_DisableDBGSleepMode                    build/stm32f4xx_hal.o
HAL_DBGMCU_DisableDBGStandbyMode                  build/stm32f4xx_hal.o
HAL_DBGMCU_DisableDBGStopMode                     build/stm32f4xx_hal.o
HAL_DBGMCU_EnableDBGSleepMode                     build/stm32f4xx_hal.o
HAL_DBGMCU_EnableDBGStandbyMode                   build/stm32f4xx_hal.o
HAL_DBGMCU_EnableDBGStopMode                      build/stm32f4xx_hal.o
HAL_DMAEx_ChangeMemory                            build/stm32f4xx_hal_dma_ex.o
HAL_DMAEx_MultiBufferStart                        build/stm32f4xx_hal_dma_ex.o
HAL_DMAEx_MultiBufferStart_IT                     build/stm32f4xx_hal_dma_ex.o
HAL_DMA_Abort                                     build/stm32f4xx_hal_dma.o
                                                  build/stm32f4xx_hal_uart.o
HAL_DMA_Abort_IT                                  build/stm32f4xx_hal_dma.o
                                                  build/stm32f4xx_hal_uart.o
HAL_DMA_DeInit                                    build/stm32f4xx_hal_dma.o
HAL_DMA_GetError                                  build/stm32f4xx_hal_dma.o
                                                  build/stm32f4xx_hal_uart.o
HAL_DMA_GetState                                  build/stm32f4xx_hal_dma.o
HAL_DMA_IRQHandler                                build/stm32f4xx_hal_dma.o
HAL_DMA_Init                                      build/stm32f4xx_hal_dma.o
HAL_DMA_PollForTransfer                           build/stm32f4xx_hal_dma.o
HAL_DMA_RegisterCallback                          build/stm32f4xx_hal_dma.o
HAL_DMA_Start                                     build/stm32f4xx_hal_dma.o
HAL_DMA_Start_IT                                  build/stm32f4xx_hal_dma.o
                                                  build/stm32f4xx_hal_uart.o
HAL_DMA_UnRegisterCallback                        build/stm32f4xx_hal_dma.o
HAL_DeInit                                        build/stm32f4xx_hal.o
HAL_Delay                                         build/stm32f4xx_hal.o
HAL_DisableCompensationCell                       build/stm32f4xx_hal.o
HAL_EXTI_ClearConfigLine                          build/stm32f4xx_hal_exti.o
HAL_EXTI_ClearPending                             build/stm32f4xx_hal_exti.o
HAL_EXTI_GenerateSWI                              build/stm32f4xx_hal_exti.o
HAL_EXTI_GetConfigLine                            build/stm32f4xx_hal_exti.o
HAL_EXTI_GetHandle                                build/stm32f4xx_hal_exti.o
HAL_EXTI_GetPending                               build/stm32f4xx_hal_exti.o
HAL_EXTI_IRQHandler                               build/stm32f4xx_hal_exti.o
HAL_EXTI_RegisterCallback                         build/stm32f4xx_hal_exti.o
HAL_EXTI_SetConfigLine                            build/stm32f4xx_hal_exti.o
HAL_EnableCompensationCell                        build/stm32f4xx_hal.o
HAL_FLASHEx_AdvOBGetConfig                        build/stm32f4xx_hal_flash_ex.o
HAL_FLASHEx_AdvOBProgram                          build/stm32f4xx_hal_flash_ex.o
HAL_FLASHEx_DisableFlashSleepMode                 build/stm32f4xx_hal_flash_ramfunc.o
HAL_FLASHEx_EnableFlashSleepMode                  build/stm32f4xx_hal_flash_ramfunc.o
HAL_FLASHEx_Erase                                 build/stm32f4xx_hal_flash_ex.o
HAL_FLASHEx_Erase_IT                              build/stm32f4xx_hal_flash_ex.o
HAL_FLASHEx_OBGetConfig                           build/stm32f4xx_hal_flash_ex.o
HAL_FLASHEx_OBProgram                             build/stm32f4xx_hal_flash_ex.o
HAL_FLASHEx_OB_DeSelectPCROP                      build/stm32f4xx_hal_flash_ex.o
HAL_FLASHEx_OB_SelectPCROP                        build/stm32f4xx_hal_flash_ex.o
HAL_FLASHEx_StartFlashInterfaceClk                build/stm32f4xx_hal_flash_ramfunc.o
HAL_FLASHEx_StopFlashInterfaceClk                 build/stm32f4xx_hal_flash_ramfunc.o
HAL_FLASH_EndOfOperationCallback                  build/stm32f4xx_hal_flash.o
HAL_FLASH_GetError                                build/stm32f4xx_hal_flash.o
HAL_FLASH_IRQHandler                              build/stm32f4xx_hal_flash.o
HAL_FLASH_Lock                                    build/stm32f4xx_hal_flash.o
HAL_FLASH_OB_Launch                               build/stm32f4xx_hal_flash.o
HAL_FLASH_OB_Lock                                 build/stm32f4xx_hal_flash.o
HAL_FLASH_OB_Unlock                               build/stm32f4xx_hal_flash.o
HAL_FLASH_OperationErrorCallback                  build/stm32f4xx_hal_flash.o
HAL_FLASH_Program                                 build/stm32f4xx_hal_flash.o
HAL_FLASH_Program_IT                              build/stm32f4xx_hal_flash.o
HAL_FLASH_Unlock                                  build/stm32f4xx_hal_flash.o
HAL_GPIO_DeInit                                   build/stm32f4xx_hal_gpio.o
                                                  build/usart.o
HAL_GPIO_EXTI_Callback                            build/stm32f4xx_hal_gpio.o
HAL_GPIO_EXTI_IRQHandler                          build/stm32f4xx_hal_gpio.o
HAL_GPIO_Init                                     build/stm32f4xx_hal_gpio.o
                                                  build/stm32f4xx_hal_rcc.o
                                                  build/usart.o
                                                  build/gpio.o
HAL_GPIO_LockPin                                  build/stm32f4xx_hal_gpio.o
HAL_GPIO_ReadPin                                  build/stm32f4xx_hal_gpio.o
HAL_GPIO_TogglePin                                build/stm32f4xx_hal_gpio.o
                                                  build/shell.o
HAL_GPIO_WritePin                                 build/stm32f4xx_hal_gpio.o
                                                  build/gpio.o
HAL_GetDEVID                                      build/stm32f4xx_hal.o
HAL_GetHalVersion                                 build/stm32f4xx_hal.o
HAL_GetREVID                                      build/stm32f4xx_hal.o
HAL_GetTick                                       build/stm32f4xx_hal.o
                                                  build/stm32f4xx_hal_pwr_ex.o
                                                  build/stm32f4xx_hal_dma.o
                                                  build/stm32f4xx_hal_flash.o
                                                  build/stm32f4xx_hal_rcc_ex.o
                                                  build/stm32f4xx_hal_rcc.o
                                                  build/stm32f4xx_hal_uart.o
HAL_GetTickFreq                                   build/stm32f4xx_hal.o
HAL_GetTickPrio                                   build/stm32f4xx_hal.o
HAL_GetUIDw0                                      build/stm32f4xx_hal.o
HAL_GetUIDw1                                      build/stm32f4xx_hal.o
HAL_GetUIDw2                                      build/stm32f4xx_hal.o
HAL_HalfDuplex_EnableReceiver                     build/stm32f4xx_hal_uart.o
HAL_HalfDuplex_EnableTransmitter                  build/stm32f4xx_hal_uart.o
HAL_HalfDuplex_Init                               build/stm32f4xx_hal_uart.o
HAL_IncTick                                       build/stm32f4xx_hal.o
                                                  build/stm32f4xx_it.o
HAL_Init                                          build/stm32f4xx_hal.o
                                                  build/main.o
HAL_InitTick                                      build/stm32f4xx_hal.o
                                                  build/stm32f4xx_hal_rcc_ex.o
                                                  build/stm32f4xx_hal_rcc.o
HAL_LIN_Init                                      build/stm32f4xx_hal_uart.o
HAL_LIN_SendBreak                                 build/stm32f4xx_hal_uart.o
HAL_MPU_ConfigRegion                              build/stm32f4xx_hal_cortex.o
HAL_MPU_Disable                                   build/stm32f4xx_hal_cortex.o
HAL_MPU_Enable                                    build/stm32f4xx_hal_cortex.o
HAL_MspDeInit                                     build/stm32f4xx_hal.o
HAL_MspInit                                       build/stm32f4xx_hal_msp.o
HAL_MultiProcessor_EnterMuteMode                  build/stm32f4xx_hal_uart.o
HAL_MultiProcessor_ExitMuteMode                   build/stm32f4xx_hal_uart.o
HAL_MultiProcessor_Init                           build/stm32f4xx_hal_uart.o
HAL_NVIC_ClearPendingIRQ                          build/stm32f4xx_hal_cortex.o
HAL_NVIC_DisableIRQ                               build/stm32f4xx_hal_cortex.o
                                                  build/usart.o
HAL_NVIC_EnableIRQ                                build/stm32f4xx_hal_cortex.o
                                                  build/usart.o
HAL_NVIC_GetActive                                build/stm32f4xx_hal_cortex.o
HAL_NVIC_GetPendingIRQ                            build/stm32f4xx_hal_cortex.o
HAL_NVIC_GetPriority                              build/stm32f4xx_hal_cortex.o
HAL_NVIC_GetPriorityGrouping                      build/stm32f4xx_hal_cortex.o
HAL_NVIC_SetPendingIRQ                            build/stm32f4xx_hal_cortex.o
HAL_NVIC_SetPriority                              build/stm32f4xx_hal_cortex.o
                                                  build/stm32f4xx_hal.o
                                                  build/usart.o
HAL_NVIC_SetPriorityGrouping                      build/stm32f4xx_hal_cortex.o
                                                  build/stm32f4xx_hal.o
HAL_NVIC_SystemReset                              build/stm32f4xx_hal_cortex.o
HAL_PWREx_ControlVoltageScaling                   build/stm32f4xx_hal_pwr_ex.o
HAL_PWREx_DisableBkUpReg                          build/stm32f4xx_hal_pwr_ex.o
HAL_PWREx_DisableFlashPowerDown                   build/stm32f4xx_hal_pwr_ex.o
HAL_PWREx_DisableLowRegulatorLowVoltage           build/stm32f4xx_hal_pwr_ex.o
HAL_PWREx_DisableMainRegulatorLowVoltage          build/stm32f4xx_hal_pwr_ex.o
HAL_PWREx_EnableBkUpReg                           build/stm32f4xx_hal_pwr_ex.o
HAL_PWREx_EnableFlashPowerDown                    build/stm32f4xx_hal_pwr_ex.o
HAL_PWREx_EnableLowRegulatorLowVoltage            build/stm32f4xx_hal_pwr_ex.o
HAL_PWREx_EnableMainRegulatorLowVoltage           build/stm32f4xx_hal_pwr_ex.o
HAL_PWREx_GetVoltageRange                         build/stm32f4xx_hal_pwr_ex.o
HAL_PWR_ConfigPVD                                 build/stm32f4xx_hal_pwr.o
HAL_PWR_DeInit                                    build/stm32f4xx_hal_pwr.o
HAL_PWR_DisableBkUpAccess                         build/stm32f4xx_hal_pwr.o
HAL_PWR_DisablePVD                                build/stm32f4xx_hal_pwr.o
HAL_PWR_DisableSEVOnPend                          build/stm32f4xx_hal_pwr.o
HAL_PWR_DisableSleepOnExit                        build/stm32f4xx_hal_pwr.o
HAL_PWR_DisableWakeUpPin                          build/stm32f4xx_hal_pwr.o
HAL_PWR_EnableBkUpAccess                          build/stm32f4xx_hal_pwr.o
HAL_PWR_EnablePVD                                 build/stm32f4xx_hal_pwr.o
HAL_PWR_EnableSEVOnPend                           build/stm32f4xx_hal_pwr.o
HAL_PWR_EnableSleepOnExit                         build/stm32f4xx_hal_pwr.o
HAL_PWR_EnableWakeUpPin                           build/stm32f4xx_hal_pwr.o
HAL_PWR_EnterSLEEPMode                            build/stm32f4xx_hal_pwr.o
HAL_PWR_EnterSTANDBYMode                          build/stm32f4xx_hal_pwr.o
HAL_PWR_EnterSTOPMode                             build/stm32f4xx_hal_pwr.o
HAL_PWR_PVDCallback                               build/stm32f4xx_hal_pwr.o
HAL_PWR_PVD_IRQHandler                            build/stm32f4xx_hal_pwr.o
HAL_RCCEx_DisablePLLI2S                           build/stm32f4xx_hal_rcc_ex.o
HAL_RCCEx_EnablePLLI2S                            build/stm32f4xx_hal_rcc_ex.o
HAL_RCCEx_GetPeriphCLKConfig                      build/stm32f4xx_hal_rcc_ex.o
HAL_RCCEx_GetPeriphCLKFreq                        build/stm32f4xx_hal_rcc_ex.o
HAL_RCCEx_PeriphCLKConfig                         build/stm32f4xx_hal_rcc_ex.o
HAL_RCCEx_SelectLSEMode                           build/stm32f4xx_hal_rcc_ex.o
HAL_RCC_CSSCallback                               build/stm32f4xx_hal_rcc.o
HAL_RCC_ClockConfig                               build/stm32f4xx_hal_rcc.o
                                                  build/main.o
HAL_RCC_DeInit                                    build/stm32f4xx_hal_rcc_ex.o
                                                  build/stm32f4xx_hal_rcc.o
HAL_RCC_DisableCSS                                build/stm32f4xx_hal_rcc.o
HAL_RCC_EnableCSS                                 build/stm32f4xx_hal_rcc.o
HAL_RCC_GetClockConfig                            build/stm32f4xx_hal_rcc.o
HAL_RCC_GetHCLKFreq                               build/stm32f4xx_hal_rcc.o
HAL_RCC_GetOscConfig                              build/stm32f4xx_hal_rcc.o
HAL_RCC_GetPCLK1Freq                              build/stm32f4xx_hal_rcc.o
                                                  build/stm32f4xx_hal_uart.o
HAL_RCC_GetPCLK2Freq                              build/stm32f4xx_hal_rcc.o
                                                  build/stm32f4xx_hal_uart.o
HAL_RCC_GetSysClockFreq                           build/stm32f4xx_hal_rcc.o
HAL_RCC_MCOConfig                                 build/stm32f4xx_hal_rcc.o
HAL_RCC_NMI_IRQHandler                            build/stm32f4xx_hal_rcc.o
HAL_RCC_OscConfig                                 build/stm32f4xx_hal_rcc.o
                                                  build/main.o
HAL_ResumeTick                                    build/stm32f4xx_hal.o
HAL_SYSTICK_CLKSourceConfig                       build/stm32f4xx_hal_cortex.o
HAL_SYSTICK_Callback                              build/stm32f4xx_hal_cortex.o
HAL_SYSTICK_Config                                build/stm32f4xx_hal_cortex.o
                                                  build/stm32f4xx_hal.o
HAL_SYSTICK_IRQHandler                            build/stm32f4xx_hal_cortex.o
HAL_SetTickFreq                                   build/stm32f4xx_hal.o
HAL_SuspendTick                                   build/stm32f4xx_hal.o
HAL_UARTEx_ReceiveToIdle                          build/stm32f4xx_hal_uart.o
HAL_UARTEx_ReceiveToIdle_DMA                      build/stm32f4xx_hal_uart.o
HAL_UARTEx_ReceiveToIdle_IT                       build/stm32f4xx_hal_uart.o
HAL_UARTEx_RxEventCallback                        build/stm32f4xx_hal_uart.o
HAL_UART_Abort                                    build/stm32f4xx_hal_uart.o
HAL_UART_AbortCpltCallback                        build/stm32f4xx_hal_uart.o
HAL_UART_AbortReceive                             build/stm32f4xx_hal_uart.o
HAL_UART_AbortReceiveCpltCallback                 build/stm32f4xx_hal_uart.o
HAL_UART_AbortReceive_IT                          build/stm32f4xx_hal_uart.o
HAL_UART_AbortTransmit                            build/stm32f4xx_hal_uart.o
HAL_UART_AbortTransmitCpltCallback                build/stm32f4xx_hal_uart.o
HAL_UART_AbortTransmit_IT                         build/stm32f4xx_hal_uart.o
HAL_UART_Abort_IT                                 build/stm32f4xx_hal_uart.o
HAL_UART_DMAPause                                 build/stm32f4xx_hal_uart.o
HAL_UART_DMAResume                                build/stm32f4xx_hal_uart.o
HAL_UART_DMAStop                                  build/stm32f4xx_hal_uart.o
HAL_UART_DeInit                                   build/stm32f4xx_hal_uart.o
HAL_UART_ErrorCallback                            build/stm32f4xx_hal_uart.o
HAL_UART_GetError                                 build/stm32f4xx_hal_uart.o
HAL_UART_GetState                                 build/stm32f4xx_hal_uart.o
HAL_UART_IRQHandler                               build/stm32f4xx_hal_uart.o
                                                  build/stm32f4xx_it.o
HAL_UART_Init                                     build/stm32f4xx_hal_uart.o
                                                  build/usart.o
HAL_UART_MspDeInit                                build/usart.o
HAL_UART_MspInit                                  build/usart.o
HAL_UART_Receive                                  build/stm32f4xx_hal_uart.o
                                                  build/command.o
HAL_UART_Receive_DMA                              build/stm32f4xx_hal_uart.o
HAL_UART_Receive_IT                               build/stm32f4xx_hal_uart.o
                                                  build/shell.o
                                                  build/main.o
HAL_UART_RxCpltCallback                           build/main.o
HAL_UART_RxHalfCpltCallback                       build/stm32f4xx_hal_uart.o
HAL_UART_Transmit                                 build/stm32f4xx_hal_uart.o
                                                  build/shell.o
HAL_UART_Transmit_DMA                             build/stm32f4xx_hal_uart.o
HAL_UART_Transmit_IT                              build/stm32f4xx_hal_uart.o
HAL_UART_TxCpltCallback                           build/stm32f4xx_hal_uart.o
HAL_UART_TxHalfCpltCallback                       build/stm32f4xx_hal_uart.o
HardFault_Handler                                 build/stm32f4xx_it.o
I2C1_ER_IRQHandler                                build/startup_stm32f411xe.o
I2C1_EV_IRQHandler                                build/startup_stm32f411xe.o
I2C2_ER_IRQHandler                                build/startup_stm32f411xe.o
I2C2_EV_IRQHandler                                build/startup_stm32f411xe.o
I2C3_ER_IRQHandler                                build/startup_stm32f411xe.o
I2C3_EV_IRQHandler                                build/startup_stm32f411xe.o
KeyScan                                           build/command.o
MX_GPIO_Init                                      build/gpio.o
                                                  build/main.o
MX_USART1_UART_Init                               build/usart.o
                                                  build/main.o
MemManage_Handler                                 build/stm32f4xx_it.o
MsgSend                                           build/shell.o
                                                  build/command.o
NMI_Handler                                       build/stm32f4xx_it.o
OTG_FS_IRQHandler                                 build/startup_stm32f411xe.o
OTG_FS_WKUP_IRQHandler                            build/startup_stm32f411xe.o
PVD_IRQHandler                                    build/startup_stm32f411xe.o
PendSV_Handler                                    build/stm32f4xx_it.o
RCC_IRQHandler                                    build/startup_stm32f411xe.o
RTC_Alarm_IRQHandler                              build/startup_stm32f411xe.o
RTC_WKUP_IRQHandler                               build/startup_stm32f411xe.o
Reset_Handler                                     build/startup_stm32f411xe.o
SDIO_IRQHandler                                   build/startup_stm32f411xe.o
SPI1_IRQHandler                                   build/startup_stm32f411xe.o
SPI2_IRQHandler                                   build/startup_stm32f411xe.o
SPI3_IRQHandler                                   build/startup_stm32f411xe.o
SPI4_IRQHandler                                   build/startup_stm32f411xe.o
SPI5_IRQHandler                                   build/startup_stm32f411xe.o
SVC_Handler                                       build/stm32f4xx_it.o
SysTick_Handler                                   build/stm32f4xx_it.o
SystemClock_Config                                build/main.o
SystemCoreClock                                   build/system_stm32f4xx.o
                                                  build/stm32f4xx_hal.o
                                                  build/stm32f4xx_hal_dma.o
                                                  build/stm32f4xx_hal_rcc_ex.o
                                                  build/stm32f4xx_hal_rcc.o
SystemCoreClockUpdate                             build/system_stm32f4xx.o
SystemInit                                        build/system_stm32f4xx.o
                                                  build/startup_stm32f411xe.o
TAMP_STAMP_IRQHandler                             build/startup_stm32f411xe.o
TIM1_BRK_TIM9_IRQHandler                          build/startup_stm32f411xe.o
TIM1_CC_IRQHandler                                build/startup_stm32f411xe.o
TIM1_TRG_COM_TIM11_IRQHandler                     build/startup_stm32f411xe.o
TIM1_UP_TIM10_IRQHandler                          build/startup_stm32f411xe.o
TIM2_IRQHandler                                   build/startup_stm32f411xe.o
TIM3_IRQHandler                                   build/startup_stm32f411xe.o
TIM4_IRQHandler                                   build/startup_stm32f411xe.o
TIM5_IRQHandler                                   build/startup_stm32f411xe.o
UART_Start_Receive_DMA                            build/stm32f4xx_hal_uart.o
UART_Start_Receive_IT                             build/stm32f4xx_hal_uart.o
USART1_IRQHandler                                 build/stm32f4xx_it.o
USART2_IRQHandler                                 build/startup_stm32f411xe.o
USART6_IRQHandler                                 build/startup_stm32f411xe.o
UsageFault_Handler                                build/stm32f4xx_it.o
Version                                           build/command.o
WWDG_IRQHandler                                   build/startup_stm32f411xe.o
__aeabi_idiv0                                     /home/hyc/.gcc-arm-none-eabi/bin/../lib/gcc/arm-none-eabi/10.3.1/thumb/v7e-m+fp/hard/libgcc.a(_dvmd_tls.o)
__aeabi_ldiv0                                     /home/hyc/.gcc-arm-none-eabi/bin/../lib/gcc/arm-none-eabi/10.3.1/thumb/v7e-m+fp/hard/libgcc.a(_dvmd_tls.o)
                                                  /home/hyc/.gcc-arm-none-eabi/bin/../lib/gcc/arm-none-eabi/10.3.1/thumb/v7e-m+fp/hard/libgcc.a(_aeabi_uldivmod.o)
__aeabi_uldivmod                                  /home/hyc/.gcc-arm-none-eabi/bin/../lib/gcc/arm-none-eabi/10.3.1/thumb/v7e-m+fp/hard/libgcc.a(_aeabi_uldivmod.o)
                                                  build/stm32f4xx_hal_rcc.o
                                                  build/stm32f4xx_hal_uart.o
__bss_end__                                       /home/hyc/.gcc-arm-none-eabi/bin/../lib/gcc/arm-none-eabi/10.3.1/../../../../arm-none-eabi/lib/thumb/v7e-m+fp/hard/crt0.o
__bss_start__                                     /home/hyc/.gcc-arm-none-eabi/bin/../lib/gcc/arm-none-eabi/10.3.1/../../../../arm-none-eabi/lib/thumb/v7e-m+fp/hard/crt0.o
__call_exitprocs                                  /home/hyc/.gcc-arm-none-eabi/bin/../lib/gcc/arm-none-eabi/10.3.1/../../../../arm-none-eabi/lib/thumb/v7e-m+fp/hard/libc_nano.a(lib_a-exit.o)
__deregister_frame_info                           /home/hyc/.gcc-arm-none-eabi/bin/../lib/gcc/arm-none-eabi/10.3.1/thumb/v7e-m+fp/hard/crtbegin.o
__dso_handle                                      /home/hyc/.gcc-arm-none-eabi/bin/../lib/gcc/arm-none-eabi/10.3.1/thumb/v7e-m+fp/hard/crtbegin.o
__init_array_end                                  /home/hyc/.gcc-arm-none-eabi/bin/../lib/gcc/arm-none-eabi/10.3.1/../../../../arm-none-eabi/lib/thumb/v7e-m+fp/hard/libc_nano.a(lib_a-init.o)
__init_array_start                                /home/hyc/.gcc-arm-none-eabi/bin/../lib/gcc/arm-none-eabi/10.3.1/../../../../arm-none-eabi/lib/thumb/v7e-m+fp/hard/libc_nano.a(lib_a-init.o)
__libc_fini_array                                 /home/hyc/.gcc-arm-none-eabi/bin/../lib/gcc/arm-none-eabi/10.3.1/../../../../arm-none-eabi/lib/thumb/v7e-m+fp/hard/crt0.o
__libc_init_array                                 /home/hyc/.gcc-arm-none-eabi/bin/../lib/gcc/arm-none-eabi/10.3.1/../../../../arm-none-eabi/lib/thumb/v7e-m+fp/hard/libc_nano.a(lib_a-init.o)
                                                  build/startup_stm32f411xe.o
                                                  /home/hyc/.gcc-arm-none-eabi/bin/../lib/gcc/arm-none-eabi/10.3.1/../../../../arm-none-eabi/lib/thumb/v7e-m+fp/hard/crt0.o
__lock___arc4random_mutex                         /home/hyc/.gcc-arm-none-eabi/bin/../lib/gcc/arm-none-eabi/10.3.1/../../../../arm-none-eabi/lib/thumb/v7e-m+fp/hard/libc_nano.a(lib_a-lock.o)
__lock___at_quick_exit_mutex                      /home/hyc/.gcc-arm-none-eabi/bin/../lib/gcc/arm-none-eabi/10.3.1/../../../../arm-none-eabi/lib/thumb/v7e-m+fp/hard/libc_nano.a(lib_a-lock.o)
__lock___atexit_recursive_mutex                   /home/hyc/.gcc-arm-none-eabi/bin/../lib/gcc/arm-none-eabi/10.3.1/../../../../arm-none-eabi/lib/thumb/v7e-m+fp/hard/libc_nano.a(lib_a-lock.o)
__lock___dd_hash_mutex                            /home/hyc/.gcc-arm-none-eabi/bin/../lib/gcc/arm-none-eabi/10.3.1/../../../../arm-none-eabi/lib/thumb/v7e-m+fp/hard/libc_nano.a(lib_a-lock.o)
__lock___env_recursive_mutex                      /home/hyc/.gcc-arm-none-eabi/bin/../lib/gcc/arm-none-eabi/10.3.1/../../../../arm-none-eabi/lib/thumb/v7e-m+fp/hard/libc_nano.a(lib_a-lock.o)
__lock___malloc_recursive_mutex                   /home/hyc/.gcc-arm-none-eabi/bin/../lib/gcc/arm-none-eabi/10.3.1/../../../../arm-none-eabi/lib/thumb/v7e-m+fp/hard/libc_nano.a(lib_a-lock.o)
                                                  /home/hyc/.gcc-arm-none-eabi/bin/../lib/gcc/arm-none-eabi/10.3.1/../../../../arm-none-eabi/lib/thumb/v7e-m+fp/hard/libc_nano.a(lib_a-mlock.o)
__lock___sfp_recursive_mutex                      /home/hyc/.gcc-arm-none-eabi/bin/../lib/gcc/arm-none-eabi/10.3.1/../../../../arm-none-eabi/lib/thumb/v7e-m+fp/hard/libc_nano.a(lib_a-lock.o)
__lock___sinit_recursive_mutex                    /home/hyc/.gcc-arm-none-eabi/bin/../lib/gcc/arm-none-eabi/10.3.1/../../../../arm-none-eabi/lib/thumb/v7e-m+fp/hard/libc_nano.a(lib_a-lock.o)
__lock___tz_mutex                                 /home/hyc/.gcc-arm-none-eabi/bin/../lib/gcc/arm-none-eabi/10.3.1/../../../../arm-none-eabi/lib/thumb/v7e-m+fp/hard/libc_nano.a(lib_a-lock.o)
__malloc_free_list                                /home/hyc/.gcc-arm-none-eabi/bin/../lib/gcc/arm-none-eabi/10.3.1/../../../../arm-none-eabi/lib/thumb/v7e-m+fp/hard/libc_nano.a(lib_a-nano-mallocr.o)
                                                  /home/hyc/.gcc-arm-none-eabi/bin/../lib/gcc/arm-none-eabi/10.3.1/../../../../arm-none-eabi/lib/thumb/v7e-m+fp/hard/libc_nano.a(lib_a-nano-freer.o)
__malloc_lock                                     /home/hyc/.gcc-arm-none-eabi/bin/../lib/gcc/arm-none-eabi/10.3.1/../../../../arm-none-eabi/lib/thumb/v7e-m+fp/hard/libc_nano.a(lib_a-mlock.o)
                                                  /home/hyc/.gcc-arm-none-eabi/bin/../lib/gcc/arm-none-eabi/10.3.1/../../../../arm-none-eabi/lib/thumb/v7e-m+fp/hard/libc_nano.a(lib_a-nano-mallocr.o)
                                                  /home/hyc/.gcc-arm-none-eabi/bin/../lib/gcc/arm-none-eabi/10.3.1/../../../../arm-none-eabi/lib/thumb/v7e-m+fp/hard/libc_nano.a(lib_a-nano-freer.o)
__malloc_sbrk_start                               /home/hyc/.gcc-arm-none-eabi/bin/../lib/gcc/arm-none-eabi/10.3.1/../../../../arm-none-eabi/lib/thumb/v7e-m+fp/hard/libc_nano.a(lib_a-nano-mallocr.o)
__malloc_unlock                                   /home/hyc/.gcc-arm-none-eabi/bin/../lib/gcc/arm-none-eabi/10.3.1/../../../../arm-none-eabi/lib/thumb/v7e-m+fp/hard/libc_nano.a(lib_a-mlock.o)
                                                  /home/hyc/.gcc-arm-none-eabi/bin/../lib/gcc/arm-none-eabi/10.3.1/../../../../arm-none-eabi/lib/thumb/v7e-m+fp/hard/libc_nano.a(lib_a-nano-mallocr.o)
                                                  /home/hyc/.gcc-arm-none-eabi/bin/../lib/gcc/arm-none-eabi/10.3.1/../../../../arm-none-eabi/lib/thumb/v7e-m+fp/hard/libc_nano.a(lib_a-nano-freer.o)
__preinit_array_end                               /home/hyc/.gcc-arm-none-eabi/bin/../lib/gcc/arm-none-eabi/10.3.1/../../../../arm-none-eabi/lib/thumb/v7e-m+fp/hard/libc_nano.a(lib_a-init.o)
__preinit_array_start                             /home/hyc/.gcc-arm-none-eabi/bin/../lib/gcc/arm-none-eabi/10.3.1/../../../../arm-none-eabi/lib/thumb/v7e-m+fp/hard/libc_nano.a(lib_a-init.o)
__register_frame_info                             /home/hyc/.gcc-arm-none-eabi/bin/../lib/gcc/arm-none-eabi/10.3.1/thumb/v7e-m+fp/hard/crtbegin.o
__retarget_lock_acquire                           /home/hyc/.gcc-arm-none-eabi/bin/../lib/gcc/arm-none-eabi/10.3.1/../../../../arm-none-eabi/lib/thumb/v7e-m+fp/hard/libc_nano.a(lib_a-lock.o)
__retarget_lock_acquire_recursive                 /home/hyc/.gcc-arm-none-eabi/bin/../lib/gcc/arm-none-eabi/10.3.1/../../../../arm-none-eabi/lib/thumb/v7e-m+fp/hard/libc_nano.a(lib_a-lock.o)
                                                  /home/hyc/.gcc-arm-none-eabi/bin/../lib/gcc/arm-none-eabi/10.3.1/../../../../arm-none-eabi/lib/thumb/v7e-m+fp/hard/libc_nano.a(lib_a-mlock.o)
__retarget_lock_close                             /home/hyc/.gcc-arm-none-eabi/bin/../lib/gcc/arm-none-eabi/10.3.1/../../../../arm-none-eabi/lib/thumb/v7e-m+fp/hard/libc_nano.a(lib_a-lock.o)
__retarget_lock_close_recursive                   /home/hyc/.gcc-arm-none-eabi/bin/../lib/gcc/arm-none-eabi/10.3.1/../../../../arm-none-eabi/lib/thumb/v7e-m+fp/hard/libc_nano.a(lib_a-lock.o)
__retarget_lock_init                              /home/hyc/.gcc-arm-none-eabi/bin/../lib/gcc/arm-none-eabi/10.3.1/../../../../arm-none-eabi/lib/thumb/v7e-m+fp/hard/libc_nano.a(lib_a-lock.o)
__retarget_lock_init_recursive                    /home/hyc/.gcc-arm-none-eabi/bin/../lib/gcc/arm-none-eabi/10.3.1/../../../../arm-none-eabi/lib/thumb/v7e-m+fp/hard/libc_nano.a(lib_a-lock.o)
__retarget_lock_release                           /home/hyc/.gcc-arm-none-eabi/bin/../lib/gcc/arm-none-eabi/10.3.1/../../../../arm-none-eabi/lib/thumb/v7e-m+fp/hard/libc_nano.a(lib_a-lock.o)